Archive member included to satisfy reference by file (symbol)

app/libapp.a(main.c.obj)      (--whole-archive)
app/libapp.a(io.c.obj)        (--whole-archive)
app/libapp.a(flash_map_extended.c.obj)
                              (--whole-archive)
app/libapp.a(os.c.obj)        (--whole-archive)
app/libapp.a(keys.c.obj)      (--whole-archive)
app/libapp.a(image_validate.c.obj)
                              (--whole-archive)
app/libapp.a(tlv.c.obj)       (--whole-archive)
app/libapp.a(encrypted.c.obj)
                              (--whole-archive)
app/libapp.a(image_rsa.c.obj)
                              (--whole-archive)
app/libapp.a(image_ecdsa.c.obj)
                              (--whole-archive)
app/libapp.a(image_ed25519.c.obj)
                              (--whole-archive)
app/libapp.a(bootutil_misc.c.obj)
                              (--whole-archive)
app/libapp.a(fault_injection_hardening.c.obj)
                              (--whole-archive)
app/libapp.a(loader.c.obj)    (--whole-archive)
app/libapp.a(swap_misc.c.obj)
                              (--whole-archive)
app/libapp.a(swap_scratch.c.obj)
                              (--whole-archive)
app/libapp.a(swap_move.c.obj)
                              (--whole-archive)
app/libapp.a(caps.c.obj)      (--whole-archive)
app/libapp.a(autogen-pubkey.c.obj)
                              (--whole-archive)
app/libapp.a(arm_cleanup.c.obj)
                              (--whole-archive)
app/libapp.a(nrf_cleanup.c.obj)
                              (--whole-archive)
zephyr/libzephyr.a(heap.c.obj)
                              (--whole-archive)
zephyr/libzephyr.a(cbprintf_packaged.c.obj)
                              (--whole-archive)
zephyr/libzephyr.a(printk.c.obj)
                              (--whole-archive)
zephyr/libzephyr.a(sem.c.obj)
                              (--whole-archive)
zephyr/libzephyr.a(thread_entry.c.obj)
                              (--whole-archive)
zephyr/libzephyr.a(cbprintf_nano.c.obj)
                              (--whole-archive)
zephyr/libzephyr.a(cbprintf.c.obj)
                              (--whole-archive)
zephyr/libzephyr.a(assert.c.obj)
                              (--whole-archive)
zephyr/libzephyr.a(reboot.c.obj)
                              (--whole-archive)
zephyr/libzephyr.a(dec.c.obj)
                              (--whole-archive)
zephyr/libzephyr.a(hex.c.obj)
                              (--whole-archive)
zephyr/libzephyr.a(rb.c.obj)  (--whole-archive)
zephyr/libzephyr.a(timeutil.c.obj)
                              (--whole-archive)
zephyr/libzephyr.a(bitarray.c.obj)
                              (--whole-archive)
zephyr/libzephyr.a(onoff.c.obj)
                              (--whole-archive)
zephyr/libzephyr.a(notify.c.obj)
                              (--whole-archive)
zephyr/libzephyr.a(configs.c.obj)
                              (--whole-archive)
zephyr/libzephyr.a(log_minimal.c.obj)
                              (--whole-archive)
zephyr/libzephyr.a(mem_attr.c.obj)
                              (--whole-archive)
zephyr/libzephyr.a(flash_map.c.obj)
                              (--whole-archive)
zephyr/libzephyr.a(flash_map_layout.c.obj)
                              (--whole-archive)
zephyr/libzephyr.a(tracing_none.c.obj)
                              (--whole-archive)
zephyr/libzephyr.a(flash_map_partition_manager.c.obj)
                              (--whole-archive)
zephyr/arch/common/libarch__common.a(sw_isr_common.c.obj)
                              (--whole-archive)
zephyr/arch/arch/arm/core/libarch__arm__core.a(fatal.c.obj)
                              (--whole-archive)
zephyr/arch/arch/arm/core/libarch__arm__core.a(nmi.c.obj)
                              (--whole-archive)
zephyr/arch/arch/arm/core/libarch__arm__core.a(nmi_on_reset.S.obj)
                              (--whole-archive)
zephyr/arch/arch/arm/core/cortex_m/libarch__arm__core__cortex_m.a(exc_exit.S.obj)
                              (--whole-archive)
zephyr/arch/arch/arm/core/cortex_m/libarch__arm__core__cortex_m.a(fault.c.obj)
                              (--whole-archive)
zephyr/arch/arch/arm/core/cortex_m/libarch__arm__core__cortex_m.a(fault_s.S.obj)
                              (--whole-archive)
zephyr/arch/arch/arm/core/cortex_m/libarch__arm__core__cortex_m.a(fpu.c.obj)
                              (--whole-archive)
zephyr/arch/arch/arm/core/cortex_m/libarch__arm__core__cortex_m.a(reset.S.obj)
                              (--whole-archive)
zephyr/arch/arch/arm/core/cortex_m/libarch__arm__core__cortex_m.a(scb.c.obj)
                              (--whole-archive)
zephyr/arch/arch/arm/core/cortex_m/libarch__arm__core__cortex_m.a(thread_abort.c.obj)
                              (--whole-archive)
zephyr/arch/arch/arm/core/cortex_m/libarch__arm__core__cortex_m.a(vector_table.S.obj)
                              (--whole-archive)
zephyr/arch/arch/arm/core/cortex_m/libarch__arm__core__cortex_m.a(swap.c.obj)
[...]
Memory Configuration

Name             Origin             Length             Attributes
FLASH            0x0000000000000000 0x000000000000c000 xr
RAM              0x0000000020000000 0x0000000000010000 xw
IDT_LIST         0x00000000ffff7fff 0x0000000000008000 xw
*default*        0x0000000000000000 0xffffffffffffffff

Linker script and memory map

LOAD zephyr/CMakeFiles/zephyr_final.dir/misc/empty_file.c.obj
LOAD zephyr/CMakeFiles/zephyr_final.dir/isr_tables.c.obj
LOAD zephyr/CMakeFiles/offsets.dir/./arch/arm/core/offsets/offsets.c.obj
LOAD app/libapp.a
LOAD zephyr/libzephyr.a
LOAD zephyr/arch/common/libarch__common.a
LOAD zephyr/arch/arch/arm/core/libarch__arm__core.a
LOAD zephyr/arch/arch/arm/core/cortex_m/libarch__arm__core__cortex_m.a
LOAD zephyr/arch/arch/arm/core/mpu/libarch__arm__core__mpu.a
LOAD zephyr/lib/libc/minimal/liblib__libc__minimal.a
LOAD zephyr/lib/libc/common/liblib__libc__common.a
LOAD zephyr/soc/soc/arm/nordic_nrf/libsoc__arm__nordic_nrf.a
LOAD zephyr/drivers/clock_control/libdrivers__clock_control.a
LOAD zephyr/drivers/flash/libdrivers__flash.a
LOAD zephyr/drivers/gpio/libdrivers__gpio.a
LOAD zephyr/drivers/pinctrl/libdrivers__pinctrl.a
LOAD zephyr/drivers/pwm/libdrivers__pwm.a
LOAD zephyr/drivers/timer/libdrivers__timer.a
LOAD modules/nrf/lib/fprotect/lib..__nrf__lib__fprotect.a
LOAD modules/nrf/lib/fatal_error/lib..__nrf__lib__fatal_error.a
LOAD modules/mcuboot/boot/bootutil/zephyr/libmcuboot_util.a
LOAD modules/mbedtls/libmbedTLSBase.a
LOAD modules/mbedtls/libmbedTLSCrypto.a
LOAD modules/mbedtls/libmbedTLSX509.a
LOAD modules/mbedtls/libmodules__mbedtls.a
LOAD modules/hal_nordic/nrfx/libmodules__hal_nordic__nrfx.a
LOAD modules/segger/libmodules__segger.a
LOAD zephyr/kernel/libkernel.a
LOAD c:/ncs/toolchains/cf2149caf2/opt/zephyr-sdk/arm-zephyr-eabi/bin/../lib/gcc/arm-zephyr-eabi/12.2.0/thumb/v7e-m/nofp\libgcc.a
LOAD zephyr/arch/common/libisr_tables.a
LOAD modules/mbedtls/libmbedTLSBase.a
LOAD modules/mbedtls/libmbedTLSCrypto.a
LOAD modules/mbedtls/libmbedTLSX509.a
                0x0000000000000020                _region_min_align = 0x20

.rel.plt        0x0000000000000000        0x0
 *(SORT_BY_ALIGNMENT(.rel.plt))
                [!provide]                        PROVIDE (__rel_iplt_start = .)
 *(SORT_BY_ALIGNMENT(.rel.iplt))
 .rel.iplt      0x0000000000000000        0x0 zephyr/CMakeFiles/zephyr_final.dir/isr_tables.c.obj
                [!provide]                        PROVIDE (__rel_iplt_end = .)

.rela.plt       0x0000000000000000        0x0
 *(SORT_BY_ALIGNMENT(.rela.plt))
                [!provide]                        PROVIDE (__rela_iplt_start = .)
 *(SORT_BY_ALIGNMENT(.rela.iplt))
                [!provide]                        PROVIDE (__rela_iplt_end = .)

.rel.dyn
 *(SORT_BY_ALIGNMENT(.rel.*))

.rela.dyn
 *(SORT_BY_ALIGNMENT(.rela.*))

/DISCARD/
 *(SORT_BY_ALIGNMENT(.plt))

/DISCARD/
 *(SORT_BY_ALIGNMENT(.iplt))
                0x0000000000000000                __rom_region_start = 0x0

rom_start       0x0000000000000000       0xdc
                0x0000000000000000                __rom_start_address = .
 FILL mask 0x00
                0x0000000000000000                . = (. + (0x0 - (. - __rom_start_address)))
                0x0000000000000000                . = ALIGN (0x4)
                0x0000000000000000                . = ALIGN (0x80)
                0x0000000000000000                . = ALIGN (0x100)
                0x0000000000000000                _vector_start = .
 *(SORT_BY_ALIGNMENT(.exc_vector_table))
 *(SORT_BY_ALIGNMENT(.exc_vector_table.*))
 .exc_vector_table._vector_table_section
                0x0000000000000000       0x40 zephyr/arch/arch/arm/core/cortex_m/libarch__arm__core__cortex_m.a(vector_table.S.obj)
                0x0000000000000000                _vector_table
 *(SORT_BY_ALIGNMENT(.vectors))
                0x00000000000000dc                _vector_end = .
                0x0000000000000040                . = ALIGN (0x4)
 *(SORT_BY_ALIGNMENT(.gnu.linkonce.irq_vector_table*))
 .gnu.linkonce.irq_vector_table
                0x0000000000000040       0x9c zephyr/CMakeFiles/zephyr_final.dir/isr_tables.c.obj
                0x0000000000000040                _irq_vector_table
                0x00000000000000dc                _vector_end = .

text            0x00000000000000dc     0x72bc
                0x00000000000000dc                __text_region_start = .
 *(SORT_BY_ALIGNMENT(.text))
 .text          0x00000000000000dc       0x30 c:/ncs/toolchains/cf2149caf2/opt/zephyr-sdk/arm-zephyr-eabi/bin/../lib/gcc/arm-zephyr-eabi/12.2.0/thumb/v7e-m/nofp\libgcc.a(_aeabi_uldivmod.o)
                0x00000000000000dc                __aeabi_uldivmod
 .text          0x000000000000010c        0x4 c:/ncs/toolchains/cf2149caf2/opt/zephyr-sdk/arm-zephyr-eabi/bin/../lib/gcc/arm-zephyr-eabi/12.2.0/thumb/v7e-m/nofp\libgcc.a(_dvmd_tls.o)
                0x000000000000010c                __aeabi_idiv0
                0x000000000000010c                __aeabi_ldiv0
 .text          0x0000000000000110      0x2a0 c:/ncs/toolchains/cf2149caf2/opt/zephyr-sdk/arm-zephyr-eabi/bin/../lib/gcc/arm-zephyr-eabi/12.2.0/thumb/v7e-m/nofp\libgcc.a(_udivmoddi4.o)
                0x0000000000000110                __udivmoddi4
 *(SORT_BY_ALIGNMENT(.text.*))
 .text.main     0x00000000000003b0       0xe0 app/libapp.a(main.c.obj)
                0x00000000000003b0                main
 .text.flash_device_base
                0x0000000000000490       0x20 app/libapp.a(flash_map_extended.c.obj)
                0x0000000000000490                flash_device_base
 .text.flash_area_id_from_multi_image_slot
                0x00000000000004b0       0x24 app/libapp.a(flash_map_extended.c.obj)
                0x00000000000004b0                flash_area_id_from_multi_image_slot
 .text.os_heap_init
                0x00000000000004d4       0x10 app/libapp.a(os.c.obj)
                0x00000000000004d4                os_heap_init
 .text.bootutil_img_validate
                0x00000000000004e4      0x1d8 app/libapp.a(image_validate.c.obj)
                0x00000000000004e4                bootutil_img_validate
 .text.bootutil_verify_sig
                0x00000000000006bc      0x1e8 app/libapp.a(image_rsa.c.obj)
                0x00000000000006bc                bootutil_verify_sig
 .text.boot_status_entries
                0x00000000000008a4       0x2c app/libapp.a(bootutil_misc.c.obj)
                0x00000000000008a4                boot_status_entries
 .text.boot_find_status
                0x00000000000008d0       0x48 app/libapp.a(bootutil_misc.c.obj)
                0x00000000000008d0                boot_find_status
 .text.bootutil_max_image_size
                0x0000000000000918       0x2c app/libapp.a(bootutil_misc.c.obj)
                0x0000000000000918                bootutil_max_image_size
 .text.boot_validate_slot.isra.0
                0x0000000000000944      0x100 app/libapp.a(loader.c.obj)
 .text.boot_swap_image.isra.0
                0x0000000000000a44       0x88 app/libapp.a(loader.c.obj)
 .text.boot_copy_region
                0x0000000000000acc       0x84 app/libapp.a(loader.c.obj)
                0x0000000000000acc                boot_copy_region
 .text.context_boot_go
                0x0000000000000b50      0x290 app/libapp.a(loader.c.obj)
                0x0000000000000b50                context_boot_go
 .text.boot_go  0x0000000000000de0       0x20 app/libapp.a(loader.c.obj)
                0x0000000000000de0                boot_go
 .text.swap_set_copy_done
                0x0000000000000e00       0x2c app/libapp.a(swap_misc.c.obj)
                0x0000000000000e00                swap_set_copy_done
 .text.swap_set_image_ok
                0x0000000000000e2c       0x44 app/libapp.a(swap_misc.c.obj)
                0x0000000000000e2c                swap_set_image_ok
 .text.boot_read_image_header
                0x0000000000000e70       0xcc app/libapp.a(swap_move.c.obj)
                0x0000000000000e70                boot_read_image_header
 .text.swap_read_status_bytes
                0x0000000000000f3c       0xc8 app/libapp.a(swap_move.c.obj)
                0x0000000000000f3c                swap_read_status_bytes
 .text.boot_slots_compatible
                0x0000000000001004       0x78 app/libapp.a(swap_move.c.obj)
                0x0000000000001004                boot_slots_compatible
 .text.swap_status_source
                0x000000000000107c       0xcc app/libapp.a(swap_move.c.obj)
                0x000000000000107c                swap_status_source
 .text.fixup_revert
                0x0000000000001148       0x98 app/libapp.a(swap_move.c.obj)
                0x0000000000001148                fixup_revert
 .text.swap_run
                0x00000000000011e0      0x1f0 app/libapp.a(swap_move.c.obj)
                0x00000000000011e0                swap_run
 .text.cleanup_arm_nvic
                0x00000000000013d0       0x54 app/libapp.a(arm_cleanup.c.obj)
                0x00000000000013d0                cleanup_arm_nvic
 .text.nrf_cleanup_peripheral
                0x0000000000001424       0x54 app/libapp.a(nrf_cleanup.c.obj)
                0x0000000000001424                nrf_cleanup_peripheral
 .text.char_out
                0x0000000000001478        0xc zephyr/libzephyr.a(printk.c.obj)
 .text.vprintk  0x0000000000001484       0x1c zephyr/libzephyr.a(printk.c.obj)
                0x0000000000001484                vprintk
 .text.z_cbvprintf_impl
                0x00000000000014a0      0x444 zephyr/libzephyr.a(cbprintf_nano.c.obj)
                0x00000000000014a0                z_cbvprintf_impl
 .text.process_event
                0x00000000000018e4      0x21c zephyr/libzephyr.a(onoff.c.obj)
 .text.mem_attr_get_regions
                0x0000000000001b00        0xc zephyr/libzephyr.a(mem_attr.c.obj)
                0x0000000000001b00                mem_attr_get_regions
 .text.flash_area_open
                0x0000000000001b0c       0x50 zephyr/libzephyr.a(flash_map.c.obj)
                0x0000000000001b0c                flash_area_open
 .text.flash_area_get_sectors
                0x0000000000001b5c       0x60 zephyr/libzephyr.a(flash_map_layout.c.obj)
                0x0000000000001b5c                flash_area_get_sectors
 .text.z_SysNmiOnReset
                0x0000000000001bbc        0x8 zephyr/arch/arch/arm/core/libarch__arm__core.a(nmi_on_reset.S.obj)
                0x0000000000001bbc                z_SysNmiOnReset
 .text._HandlerModeExit
                0x0000000000001bc4        0x4 zephyr/arch/arch/arm/core/cortex_m/libarch__arm__core__cortex_m.a(exc_exit.S.obj)
                0x0000000000001bc4                z_arm_int_exit
                0x0000000000001bc4                z_arm_exc_exit
 .text.mem_manage_fault
                0x0000000000001bc8       0xa0 zephyr/arch/arch/arm/core/cortex_m/libarch__arm__core__cortex_m.a(fault.c.obj)
 .text.usage_fault.constprop.0
                0x0000000000001c68       0x54 zephyr/arch/arch/arm/core/cortex_m/libarch__arm__core__cortex_m.a(fault.c.obj)
 .text.bus_fault.constprop.0
                0x0000000000001cbc       0x6c zephyr/arch/arch/arm/core/cortex_m/libarch__arm__core__cortex_m.a(fault.c.obj)
 .text.z_arm_fault
                0x0000000000001d28      0x11c zephyr/arch/arch/arm/core/cortex_m/libarch__arm__core__cortex_m.a(fault.c.obj)
                0x0000000000001d28                z_arm_fault
 .text.z_arm_fault_init
                0x0000000000001e44       0x10 zephyr/arch/arch/arm/core/cortex_m/libarch__arm__core__cortex_m.a(fault.c.obj)
                0x0000000000001e44                z_arm_fault_init
 .text.__fault  0x0000000000001e54       0x14 zephyr/arch/arch/arm/core/cortex_m/libarch__arm__core__cortex_m.a(fault_s.S.obj)
                0x0000000000001e54                z_arm_usage_fault
                0x0000000000001e54                z_arm_mpu_fault
                0x0000000000001e54                z_arm_exc_spurious
                0x0000000000001e54                z_arm_debug_monitor
                0x0000000000001e54                z_arm_hard_fault
                0x0000000000001e54                z_arm_bus_fault
 .text._reset_section
                0x0000000000001e68       0x54 zephyr/arch/arch/arm/core/cortex_m/libarch__arm__core__cortex_m.a(reset.S.obj)
                0x0000000000001e68                __start
                0x0000000000001e68                z_arm_reset
 .text.sys_arch_reboot
                0x0000000000001ebc       0x24 zephyr/arch/arch/arm/core/cortex_m/libarch__arm__core__cortex_m.a(scb.c.obj)
                0x0000000000001ebc                sys_arch_reboot
 .text.z_arm_clear_arm_mpu_config
                0x0000000000001ee0       0x24 zephyr/arch/arch/arm/core/cortex_m/libarch__arm__core__cortex_m.a(scb.c.obj)
                0x0000000000001ee0                z_arm_clear_arm_mpu_config
 .text.z_arm_init_arch_hw_at_boot
                0x0000000000001f04       0x64 zephyr/arch/arch/arm/core/cortex_m/libarch__arm__core__cortex_m.a(scb.c.obj)
                0x0000000000001f04                z_arm_init_arch_hw_at_boot
 .text.z_arm_svc
                0x0000000000001f68       0x20 zephyr/arch/arch/arm/core/cortex_m/libarch__arm__core__cortex_m.a(swap_helper.S.obj)
                0x0000000000001f68                z_arm_svc
 .text.arch_irq_enable
                0x0000000000001f88       0x1c zephyr/arch/arch/arm/core/cortex_m/libarch__arm__core__cortex_m.a(irq_manage.c.obj)
                0x0000000000001f88                arch_irq_enable
 .text.arch_irq_disable
                0x0000000000001fa4       0x28 zephyr/arch/arch/arm/core/cortex_m/libarch__arm__core__cortex_m.a(irq_manage.c.obj)
                0x0000000000001fa4                arch_irq_disable
 .text.arch_irq_is_enabled
                0x0000000000001fcc       0x1c zephyr/arch/arch/arm/core/cortex_m/libarch__arm__core__cortex_m.a(irq_manage.c.obj)
                0x0000000000001fcc                arch_irq_is_enabled
 .text.z_arm_irq_priority_set
                0x0000000000001fe8       0x30 zephyr/arch/arch/arm/core/cortex_m/libarch__arm__core__cortex_m.a(irq_manage.c.obj)
                0x0000000000001fe8                z_arm_irq_priority_set
 .text.z_prep_c
                0x0000000000002018       0x38 zephyr/arch/arch/arm/core/cortex_m/libarch__arm__core__cortex_m.a(prep_c.c.obj)
                0x0000000000002018                z_prep_c
 .text.z_check_thread_stack_fail
                0x0000000000002050       0x2c zephyr/arch/arch/arm/core/cortex_m/libarch__arm__core__cortex_m.a(thread.c.obj)
                0x0000000000002050                z_check_thread_stack_fail
 .text.z_arm_switch_to_main_no_multithreading
                0x000000000000207c       0x30 zephyr/arch/arch/arm/core/cortex_m/libarch__arm__core__cortex_m.a(thread.c.obj)
                0x000000000000207c                z_arm_switch_to_main_no_multithreading
 .text.z_arm_cpu_idle_init
                0x00000000000020ac        0xc zephyr/arch/arch/arm/core/cortex_m/libarch__arm__core__cortex_m.a(cpu_idle.S.obj)
                0x00000000000020ac                z_arm_cpu_idle_init
 .text.arch_cpu_atomic_idle
                0x00000000000020b8       0x18 zephyr/arch/arch/arm/core/cortex_m/libarch__arm__core__cortex_m.a(cpu_idle.S.obj)
                0x00000000000020b8                arch_cpu_atomic_idle
 .text.z_arm_interrupt_init
                0x00000000000020d0       0x18 zephyr/arch/arch/arm/core/cortex_m/libarch__arm__core__cortex_m.a(irq_init.c.obj)
                0x00000000000020d0                z_arm_interrupt_init
 .text._isr_wrapper
                0x00000000000020e8       0x28 zephyr/arch/arch/arm/core/cortex_m/libarch__arm__core__cortex_m.a(isr_wrapper.S.obj)
                0x00000000000020e8                _isr_wrapper
 .text.z_arm_configure_static_mpu_regions
                0x0000000000002110       0x18 zephyr/arch/arch/arm/core/mpu/libarch__arm__core__mpu.a(arm_core_mpu.c.obj)
                0x0000000000002110                z_arm_configure_static_mpu_regions
 .text.region_init
                0x0000000000002128       0x28 zephyr/arch/arch/arm/core/mpu/libarch__arm__core__mpu.a(arm_mpu.c.obj)
 .text.mpu_configure_regions
                0x0000000000002150       0x6c zephyr/arch/arch/arm/core/mpu/libarch__arm__core__mpu.a(arm_mpu.c.obj)
 .text.arm_core_mpu_enable
                0x00000000000021bc       0x18 zephyr/arch/arch/arm/core/mpu/libarch__arm__core__mpu.a(arm_mpu.c.obj)
                0x00000000000021bc                arm_core_mpu_enable
 .text.arm_core_mpu_disable
                0x00000000000021d4       0x14 zephyr/arch/arch/arm/core/mpu/libarch__arm__core__mpu.a(arm_mpu.c.obj)
                0x00000000000021d4                arm_core_mpu_disable
 .text.arm_core_mpu_configure_static_mpu_regions
                0x00000000000021e8       0x14 zephyr/arch/arch/arm/core/mpu/libarch__arm__core__mpu.a(arm_mpu.c.obj)
                0x00000000000021e8                arm_core_mpu_configure_static_mpu_regions
 .text.z_arm_mpu_init
                0x00000000000021fc      0x160 zephyr/arch/arch/arm/core/mpu/libarch__arm__core__mpu.a(arm_mpu.c.obj)
                0x00000000000021fc                z_arm_mpu_init
 .text.nordicsemi_nrf52_init
                0x000000000000235c       0x10 zephyr/soc/soc/arm/nordic_nrf/libsoc__arm__nordic_nrf.a(soc.c.obj)
 .text.arch_busy_wait
                0x000000000000236c       0x14 zephyr/soc/soc/arm/nordic_nrf/libsoc__arm__nordic_nrf.a(soc.c.obj)
                0x000000000000236c                arch_busy_wait
 .text.z_arm_platform_init
                0x0000000000002380        0x4 zephyr/soc/soc/arm/nordic_nrf/libsoc__arm__nordic_nrf.a(soc_nrf_common.S.obj)
                0x0000000000002380                z_arm_platform_init
 .text.onoff_stop
                0x0000000000002384       0x30 zephyr/drivers/clock_control/libdrivers__clock_control.a(clock_control_nrf.c.obj)
 .text.onoff_start
                0x00000000000023b4       0x44 zephyr/drivers/clock_control/libdrivers__clock_control.a(clock_control_nrf.c.obj)
 .text.generic_hfclk_stop
                0x00000000000023f8       0x34 zephyr/drivers/clock_control/libdrivers__clock_control.a(clock_control_nrf.c.obj)
 .text.clk_init
                0x000000000000242c       0x58 zephyr/drivers/clock_control/libdrivers__clock_control.a(clock_control_nrf.c.obj)
 .text.clkstarted_handle.constprop.0
                0x0000000000002484       0x34 zephyr/drivers/clock_control/libdrivers__clock_control.a(clock_control_nrf.c.obj)
 .text.clock_event_handler
                0x00000000000024b8       0x1c zephyr/drivers/clock_control/libdrivers__clock_control.a(clock_control_nrf.c.obj)
 .text.generic_hfclk_start
                0x00000000000024d4       0x64 zephyr/drivers/clock_control/libdrivers__clock_control.a(clock_control_nrf.c.obj)
 .text.lfclk_start
                0x0000000000002538       0x24 zephyr/drivers/clock_control/libdrivers__clock_control.a(clock_control_nrf.c.obj)
 .text.z_nrf_clock_control_lf_on
                0x000000000000255c       0xa8 zephyr/drivers/clock_control/libdrivers__clock_control.a(clock_control_nrf.c.obj)
                0x000000000000255c                z_nrf_clock_control_lf_on
 .text.flash_nrf_pages_layout
                0x0000000000002604       0x10 zephyr/drivers/flash/libdrivers__flash.a(soc_flash_nrf.c.obj)
 .text.flash_nrf_get_parameters
                0x0000000000002614        0x8 zephyr/drivers/flash/libdrivers__flash.a(soc_flash_nrf.c.obj)
 .text.nrf_flash_init
                0x000000000000261c       0x18 zephyr/drivers/flash/libdrivers__flash.a(soc_flash_nrf.c.obj)
 .text.flash_nrf_write
                0x0000000000002634       0x4c zephyr/drivers/flash/libdrivers__flash.a(soc_flash_nrf.c.obj)
 .text.gpio_nrfx_init
                0x0000000000002680       0x48 zephyr/drivers/gpio/libdrivers__gpio.a(gpio_nrfx.c.obj)
 .text.nrfx_gpio_handler
                0x00000000000026c8       0x3c zephyr/drivers/gpio/libdrivers__gpio.a(gpio_nrfx.c.obj)
 .text.gpio_nrfx_pin_configure
                0x0000000000002704      0x180 zephyr/drivers/gpio/libdrivers__gpio.a(gpio_nrfx.c.obj)
 .text.gpio_nrfx_pin_interrupt_configure
                0x0000000000002884       0xf4 zephyr/drivers/gpio/libdrivers__gpio.a(gpio_nrfx.c.obj)
 .text.pinctrl_configure_pins
                0x0000000000002978       0xe8 zephyr/drivers/pinctrl/libdrivers__pinctrl.a(pinctrl_nrf.c.obj)
                0x0000000000002978                pinctrl_configure_pins
 .text.pwm_nrfx_get_cycles_per_sec
                0x0000000000002a60       0x10 zephyr/drivers/pwm/libdrivers__pwm.a(pwm_nrfx.c.obj)
 .text.pwm_nrfx_init
                0x0000000000002a70       0xc0 zephyr/drivers/pwm/libdrivers__pwm.a(pwm_nrfx.c.obj)
 .text.compare_int_lock
                0x0000000000002b30       0x48 zephyr/drivers/timer/libdrivers__timer.a(nrf_rtc_timer.c.obj)
 .text.sys_clock_timeout_handler
                0x0000000000002b78       0x48 zephyr/drivers/timer/libdrivers__timer.a(nrf_rtc_timer.c.obj)
 .text.compare_int_unlock
                0x0000000000002bc0       0x5c zephyr/drivers/timer/libdrivers__timer.a(nrf_rtc_timer.c.obj)
 .text.z_nrf_rtc_timer_read
                0x0000000000002c1c       0x44 zephyr/drivers/timer/libdrivers__timer.a(nrf_rtc_timer.c.obj)
                0x0000000000002c1c                z_nrf_rtc_timer_read
 .text.compare_set
                0x0000000000002c60      0x130 zephyr/drivers/timer/libdrivers__timer.a(nrf_rtc_timer.c.obj)
 .text.sys_clock_driver_init
                0x0000000000002d90       0x90 zephyr/drivers/timer/libdrivers__timer.a(nrf_rtc_timer.c.obj)
 .text.rtc_nrf_isr
                0x0000000000002e20       0xd4 zephyr/drivers/timer/libdrivers__timer.a(nrf_rtc_timer.c.obj)
                0x0000000000002e20                rtc_nrf_isr
 .text.sys_clock_set_timeout
                0x0000000000002ef4       0x5c zephyr/drivers/timer/libdrivers__timer.a(nrf_rtc_timer.c.obj)
                0x0000000000002ef4                sys_clock_set_timeout
 .text.sys_clock_elapsed
                0x0000000000002f50       0x14 zephyr/drivers/timer/libdrivers__timer.a(nrf_rtc_timer.c.obj)
                0x0000000000002f50                sys_clock_elapsed
 .text.sys_clock_disable
                0x0000000000002f64       0x30 zephyr/drivers/timer/libdrivers__timer.a(nrf_rtc_timer.c.obj)
                0x0000000000002f64                sys_clock_disable
 .text.boot_write_magic
                0x0000000000002f94       0x40 modules/mcuboot/boot/bootutil/zephyr/libmcuboot_util.a(bootutil_public.c.obj)
                0x0000000000002f94                boot_write_magic
 .text.boot_read_swap_state
                0x0000000000002fd4       0xac modules/mcuboot/boot/bootutil/zephyr/libmcuboot_util.a(bootutil_public.c.obj)
                0x0000000000002fd4                boot_read_swap_state
 .text.boot_swap_type_multi
                0x0000000000003080      0x100 modules/mcuboot/boot/bootutil/zephyr/libmcuboot_util.a(bootutil_public.c.obj)
                0x0000000000003080                boot_swap_type_multi
 .text.mbedtls_ct_bool
                0x0000000000003180       0x18 modules/mbedtls/libmbedTLSBase.a(bignum_core.c.obj)
 .text.mbedtls_mpi_core_cond_assign
                0x0000000000003198       0x30 modules/mbedtls/libmbedTLSBase.a(bignum_core.c.obj)
                0x0000000000003198                mbedtls_mpi_core_cond_assign
 .text.mbedtls_ct_bool
                0x00000000000031c8       0x18 modules/mbedtls/libmbedTLSBase.a(bignum.c.obj)
 .text.mbedtls_mpi_safe_cond_assign
                0x00000000000031e0       0x60 modules/mbedtls/libmbedTLSBase.a(bignum.c.obj)
                0x00000000000031e0                mbedtls_mpi_safe_cond_assign
 .text.mpi_select
                0x0000000000003240       0x48 modules/mbedtls/libmbedTLSBase.a(bignum.c.obj)
 .text.mbedtls_mpi_div_mpi
                0x0000000000003288      0x334 modules/mbedtls/libmbedTLSBase.a(bignum.c.obj)
                0x0000000000003288                mbedtls_mpi_div_mpi
 .text.mbedtls_ct_memcpy_if
                0x00000000000035bc       0x70 modules/mbedtls/libmbedTLSBase.a(constant_time.c.obj)
                0x00000000000035bc                mbedtls_ct_memcpy_if
 .text.mbedtls_md_info_from_type
                0x000000000000362c       0x1c modules/mbedtls/libmbedTLSBase.a(md.c.obj)
                0x000000000000362c                mbedtls_md_info_from_type
 .text.verify_header
                0x0000000000003648       0x40 modules/mbedtls/libmbedTLSBase.a(memory_buffer_alloc.c.obj)
 .text.verify_chain
                0x0000000000003688       0x3c modules/mbedtls/libmbedTLSBase.a(memory_buffer_alloc.c.obj)
 .text.buffer_alloc_calloc
                0x00000000000036c4      0x114 modules/mbedtls/libmbedTLSBase.a(memory_buffer_alloc.c.obj)
 .text.buffer_alloc_free
                0x00000000000037d8      0x124 modules/mbedtls/libmbedTLSBase.a(memory_buffer_alloc.c.obj)
 .text.mbedtls_memory_buffer_alloc_init
                0x00000000000038fc       0x68 modules/mbedtls/libmbedTLSBase.a(memory_buffer_alloc.c.obj)
                0x00000000000038fc                mbedtls_memory_buffer_alloc_init
 .text.mbedtls_platform_zeroize
                0x0000000000003964       0x18 modules/mbedtls/libmbedTLSBase.a(platform_util.c.obj)
                0x0000000000003964                mbedtls_platform_zeroize
 .text.mbedtls_calloc
                0x000000000000397c        0xc modules/mbedtls/libmbedTLSBase.a(platform.c.obj)
                0x000000000000397c                mbedtls_calloc
 .text.mbedtls_free
                0x0000000000003988        0xc modules/mbedtls/libmbedTLSBase.a(platform.c.obj)
                0x0000000000003988                mbedtls_free
 .text.mbedtls_platform_set_calloc_free
                0x0000000000003994       0x14 modules/mbedtls/libmbedTLSBase.a(platform.c.obj)
                0x0000000000003994                mbedtls_platform_set_calloc_free
 .text.rsa_check_context.constprop.0
                0x00000000000039a8       0xb8 modules/mbedtls/libmbedTLSBase.a(rsa.c.obj)
 .text.mbedtls_rsa_set_padding
                0x0000000000003a60       0x2c modules/mbedtls/libmbedTLSBase.a(rsa.c.obj)
                0x0000000000003a60                mbedtls_rsa_set_padding
 .text.mbedtls_rsa_check_pubkey
                0x0000000000003a8c       0x4c modules/mbedtls/libmbedTLSBase.a(rsa.c.obj)
                0x0000000000003a8c                mbedtls_rsa_check_pubkey
 .text.mbedtls_rsa_public
                0x0000000000003ad8       0x90 modules/mbedtls/libmbedTLSBase.a(rsa.c.obj)
                0x0000000000003ad8                mbedtls_rsa_public
 .text.mbedtls_sha256_starts
                0x0000000000003b68       0xc8 modules/mbedtls/libmbedTLSBase.a(sha256.c.obj)
                0x0000000000003b68                mbedtls_sha256_starts
 .text.mbedtls_internal_sha256_process
                0x0000000000003c30      0x130 modules/mbedtls/libmbedTLSBase.a(sha256.c.obj)
                0x0000000000003c30                mbedtls_internal_sha256_process
 .text.nrf52_errata_16
                0x0000000000003d60       0x28 modules/hal_nordic/nrfx/libmodules__hal_nordic__nrfx.a(system_nrf52.c.obj)
 .text.nvmc_wait
                0x0000000000003d88       0x10 modules/hal_nordic/nrfx/libmodules__hal_nordic__nrfx.a(system_nrf52.c.obj)
                0x0000000000003d88                nvmc_wait
 .text.SystemInit
                0x0000000000003d98      0x278 modules/hal_nordic/nrfx/libmodules__hal_nordic__nrfx.a(system_nrf52.c.obj)
                0x0000000000003d98                SystemInit
 .text.nrfx_flag32_alloc
                0x0000000000004010       0x48 modules/hal_nordic/nrfx/libmodules__hal_nordic__nrfx.a(nrfx_flag32_allocator.c.obj)
                0x0000000000004010                nrfx_flag32_alloc
 .text.nrfx_flag32_free
                0x0000000000004058       0x40 modules/hal_nordic/nrfx/libmodules__hal_nordic__nrfx.a(nrfx_flag32_allocator.c.obj)
                0x0000000000004058                nrfx_flag32_free
 .text.clock_stop
                0x0000000000004098       0xc4 modules/hal_nordic/nrfx/libmodules__hal_nordic__nrfx.a(nrfx_clock.c.obj)
 .text.nrfx_clock_init
                0x000000000000415c       0x24 modules/hal_nordic/nrfx/libmodules__hal_nordic__nrfx.a(nrfx_clock.c.obj)
                0x000000000000415c                nrfx_clock_init
 .text.nrfx_clock_enable
                0x0000000000004180       0x24 modules/hal_nordic/nrfx/libmodules__hal_nordic__nrfx.a(nrfx_clock.c.obj)
                0x0000000000004180                nrfx_clock_enable
 .text.nrfx_clock_start
                0x00000000000041a4       0xe4 modules/hal_nordic/nrfx/libmodules__hal_nordic__nrfx.a(nrfx_clock.c.obj)
                0x00000000000041a4                nrfx_clock_start
 .text.nrfx_power_clock_irq_handler
                0x0000000000004288       0x84 modules/hal_nordic/nrfx/libmodules__hal_nordic__nrfx.a(nrfx_clock.c.obj)
                0x0000000000004288                nrfx_power_clock_irq_handler
 .text.call_handler.constprop.0
                0x000000000000430c       0x3c modules/hal_nordic/nrfx/libmodules__hal_nordic__nrfx.a(nrfx_gpiote.c.obj)
 .text.release_handler.isra.0
                0x0000000000004348       0x54 modules/hal_nordic/nrfx/libmodules__hal_nordic__nrfx.a(nrfx_gpiote.c.obj)
 .text.__nrfy_internal_gpiote_events_process.constprop.0
                0x000000000000439c       0x5c modules/hal_nordic/nrfx/libmodules__hal_nordic__nrfx.a(nrfx_gpiote.c.obj)
 .text.pin_trigger_disable
                0x00000000000043f8       0x40 modules/hal_nordic/nrfx/libmodules__hal_nordic__nrfx.a(nrfx_gpiote.c.obj)
 .text.pin_uninit
                0x0000000000004438       0x74 modules/hal_nordic/nrfx/libmodules__hal_nordic__nrfx.a(nrfx_gpiote.c.obj)
 .text.nrfx_gpiote_input_configure
                0x00000000000044ac      0x160 modules/hal_nordic/nrfx/libmodules__hal_nordic__nrfx.a(nrfx_gpiote.c.obj)
                0x00000000000044ac                nrfx_gpiote_input_configure
 .text.nrfx_gpiote_output_configure
                0x000000000000460c       0xec modules/hal_nordic/nrfx/libmodules__hal_nordic__nrfx.a(nrfx_gpiote.c.obj)
                0x000000000000460c                nrfx_gpiote_output_configure
 .text.nrfx_gpiote_global_callback_set
                0x00000000000046f8        0xc modules/hal_nordic/nrfx/libmodules__hal_nordic__nrfx.a(nrfx_gpiote.c.obj)
                0x00000000000046f8                nrfx_gpiote_global_callback_set
 .text.nrfx_gpiote_channel_get
                0x0000000000004704       0x24 modules/hal_nordic/nrfx/libmodules__hal_nordic__nrfx.a(nrfx_gpiote.c.obj)
                0x0000000000004704                nrfx_gpiote_channel_get
 .text.nrfx_gpiote_init
                0x0000000000004728       0x70 modules/hal_nordic/nrfx/libmodules__hal_nordic__nrfx.a(nrfx_gpiote.c.obj)
                0x0000000000004728                nrfx_gpiote_init
 .text.nrfx_gpiote_init_check
                0x0000000000004798       0x14 modules/hal_nordic/nrfx/libmodules__hal_nordic__nrfx.a(nrfx_gpiote.c.obj)
                0x0000000000004798                nrfx_gpiote_init_check
 .text.nrfx_gpiote_channel_free
                0x00000000000047ac        0xc modules/hal_nordic/nrfx/libmodules__hal_nordic__nrfx.a(nrfx_gpiote.c.obj)
                0x00000000000047ac                nrfx_gpiote_channel_free
 .text.nrfx_gpiote_channel_alloc
                0x00000000000047b8        0xc modules/hal_nordic/nrfx/libmodules__hal_nordic__nrfx.a(nrfx_gpiote.c.obj)
                0x00000000000047b8                nrfx_gpiote_channel_alloc
 .text.nrfx_gpiote_trigger_enable
                0x00000000000047c4       0x84 modules/hal_nordic/nrfx/libmodules__hal_nordic__nrfx.a(nrfx_gpiote.c.obj)
                0x00000000000047c4                nrfx_gpiote_trigger_enable
 .text.nrfx_gpiote_0_irq_handler
                0x0000000000004848      0x160 modules/hal_nordic/nrfx/libmodules__hal_nordic__nrfx.a(nrfx_gpiote.c.obj)
                0x0000000000004848                nrfx_gpiote_0_irq_handler
 .text.nvmc_word_write
                0x00000000000049a8       0x18 modules/hal_nordic/nrfx/libmodules__hal_nordic__nrfx.a(nrfx_nvmc.c.obj)
 .text.nrfx_nvmc_page_erase
                0x00000000000049c0       0x40 modules/hal_nordic/nrfx/libmodules__hal_nordic__nrfx.a(nrfx_nvmc.c.obj)
                0x00000000000049c0                nrfx_nvmc_page_erase
 .text.nrfx_nvmc_word_write
                0x0000000000004a00       0x1c modules/hal_nordic/nrfx/libmodules__hal_nordic__nrfx.a(nrfx_nvmc.c.obj)
                0x0000000000004a00                nrfx_nvmc_word_write
 .text.start_playback
                0x0000000000004a1c       0x64 modules/hal_nordic/nrfx/libmodules__hal_nordic__nrfx.a(nrfx_pwm.c.obj)
 .text.pwm_stopped_check
                0x0000000000004a80       0x34 modules/hal_nordic/nrfx/libmodules__hal_nordic__nrfx.a(nrfx_pwm.c.obj)
 .text.pwm_configure
                0x0000000000004ab4       0xfc modules/hal_nordic/nrfx/libmodules__hal_nordic__nrfx.a(nrfx_pwm.c.obj)
 .text.nrfx_pwm_init
                0x0000000000004bb0       0x44 modules/hal_nordic/nrfx/libmodules__hal_nordic__nrfx.a(nrfx_pwm.c.obj)
                0x0000000000004bb0                nrfx_pwm_init
 .text.nrfx_pwm_simple_playback
                0x0000000000004bf4       0x7c modules/hal_nordic/nrfx/libmodules__hal_nordic__nrfx.a(nrfx_pwm.c.obj)
                0x0000000000004bf4                nrfx_pwm_simple_playback
 .text.nrfx_pwm_stop
                0x0000000000004c70       0x44 modules/hal_nordic/nrfx/libmodules__hal_nordic__nrfx.a(nrfx_pwm.c.obj)
                0x0000000000004c70                nrfx_pwm_stop
 .text.nrfx_egu_4_irq_handler
                0x0000000000004cb4       0x58 modules/hal_nordic/nrfx/libmodules__hal_nordic__nrfx.a(nrfx_pwm.c.obj)
                0x0000000000004cb4                nrfx_egu_4_irq_handler
 .text.nrfx_pwm_0_irq_handler
                0x0000000000004d0c       0x10 modules/hal_nordic/nrfx/libmodules__hal_nordic__nrfx.a(nrfx_pwm.c.obj)
                0x0000000000004d0c                nrfx_pwm_0_irq_handler
 .text.nrfx_pwm_1_irq_handler
                0x0000000000004d1c       0x10 modules/hal_nordic/nrfx/libmodules__hal_nordic__nrfx.a(nrfx_pwm.c.obj)
                0x0000000000004d1c                nrfx_pwm_1_irq_handler
 .text.nrfx_pwm_2_irq_handler
                0x0000000000004d2c       0x10 modules/hal_nordic/nrfx/libmodules__hal_nordic__nrfx.a(nrfx_pwm.c.obj)
                0x0000000000004d2c                nrfx_pwm_2_irq_handler
 .text._DoInit  0x0000000000004d3c       0x68 modules/segger/libmodules__segger.a(SEGGER_RTT.c.obj)
 .text.z_sys_init_run_level
                0x0000000000004da4       0x48 zephyr/kernel/libkernel.a(init.c.obj)
 .text.bg_thread_main
                0x0000000000004dec       0x30 zephyr/kernel/libkernel.a(init.c.obj)
 .text.z_bss_zero
                0x0000000000004e1c       0x18 zephyr/kernel/libkernel.a(init.c.obj)
                0x0000000000004e1c                z_bss_zero
 .text.z_cstart
                0x0000000000004e34       0x78 zephyr/kernel/libkernel.a(init.c.obj)
                0x0000000000004e34                z_cstart
 .text.z_data_copy
                0x0000000000004eac       0x34 zephyr/kernel/libkernel.a(xip.c.obj)
                0x0000000000004eac                z_data_copy
 .text.elapsed  0x0000000000004ee0       0x14 zephyr/kernel/libkernel.a(timeout.c.obj)
 .text.next_timeout
                0x0000000000004ef4       0x40 zephyr/kernel/libkernel.a(timeout.c.obj)
 .text.remove_timeout
                0x0000000000004f34       0x38 zephyr/kernel/libkernel.a(timeout.c.obj)
 .text.sys_clock_announce
                0x0000000000004f6c       0xd0 zephyr/kernel/libkernel.a(timeout.c.obj)
                0x0000000000004f6c                sys_clock_announce
 .text.boot_banner
                0x000000000000503c        0xc zephyr/kernel/libkernel.a(banner.c.obj)
                0x000000000000503c                boot_banner
 .text._OffsetAbsSyms
                0x0000000000005048        0x2 zephyr/CMakeFiles/offsets.dir/./arch/arm/core/offsets/offsets.c.obj
                0x0000000000005048                _OffsetAbsSyms
 .text.flash_area_get_device_id
                0x000000000000504a        0x4 app/libapp.a(flash_map_extended.c.obj)
                0x000000000000504a                flash_area_get_device_id
 .text.flash_area_get_sector
                0x000000000000504e       0x32 app/libapp.a(flash_map_extended.c.obj)
                0x000000000000504e                flash_area_get_sector
 .text.bootutil_tlv_iter_begin
                0x0000000000005080       0x9c app/libapp.a(tlv.c.obj)
                0x0000000000005080                bootutil_tlv_iter_begin
 .text.bootutil_tlv_iter_next
                0x000000000000511c       0x98 app/libapp.a(tlv.c.obj)
                0x000000000000511c                bootutil_tlv_iter_next
 .text.boot_fih_memequal
                0x00000000000051b4        0x4 app/libapp.a(bootutil_misc.c.obj)
                0x00000000000051b4                boot_fih_memequal
 .text.boot_trailer_sz
                0x00000000000051b8        0xa app/libapp.a(bootutil_misc.c.obj)
                0x00000000000051b8                boot_trailer_sz
 .text.boot_status_off
                0x00000000000051c2       0x16 app/libapp.a(bootutil_misc.c.obj)
                0x00000000000051c2                boot_status_off
 .text.boot_read_swap_size
                0x00000000000051d8       0x1c app/libapp.a(bootutil_misc.c.obj)
                0x00000000000051d8                boot_read_swap_size
 .text.boot_write_swap_size
                0x00000000000051f4       0x1e app/libapp.a(bootutil_misc.c.obj)
                0x00000000000051f4                boot_write_swap_size
 .text.boot_read_image_headers
                0x0000000000005212       0x2c app/libapp.a(loader.c.obj)
 .text.boot_read_image_size.constprop.0.isra.0
                0x000000000000523e       0x82 app/libapp.a(loader.c.obj)
 .text.boot_read_sectors
                0x00000000000052c0       0x42 app/libapp.a(loader.c.obj)
 .text.boot_status_reset
                0x0000000000005302       0x12 app/libapp.a(loader.c.obj)
                0x0000000000005302                boot_status_reset
 .text.boot_status_is_reset
                0x0000000000005314       0x1a app/libapp.a(loader.c.obj)
                0x0000000000005314                boot_status_is_reset
 .text.boot_write_status
                0x000000000000532e       0x64 app/libapp.a(loader.c.obj)
                0x000000000000532e                boot_write_status
 .text.boot_erase_region
                0x0000000000005392        0x4 app/libapp.a(loader.c.obj)
                0x0000000000005392                boot_erase_region
 .text.swap_erase_trailer_sectors
                0x0000000000005396       0x6c app/libapp.a(swap_misc.c.obj)
                0x0000000000005396                swap_erase_trailer_sectors
 .text.swap_status_init
                0x0000000000005402       0x3e app/libapp.a(swap_misc.c.obj)
                0x0000000000005402                swap_status_init
 .text.swap_read_status
                0x0000000000005440       0x78 app/libapp.a(swap_misc.c.obj)
                0x0000000000005440                swap_read_status
 .text.app_max_sectors
                0x00000000000054b8       0x22 app/libapp.a(swap_move.c.obj)
 .text.find_last_idx
                0x00000000000054da       0x14 app/libapp.a(swap_move.c.obj)
                0x00000000000054da                find_last_idx
 .text.boot_status_internal_off
                0x00000000000054ee       0x26 app/libapp.a(swap_move.c.obj)
                0x00000000000054ee                boot_status_internal_off
 .text.arch_printk_char_out
                0x0000000000005514        0x4 zephyr/libzephyr.a(printk.c.obj)
                0x0000000000005514                arch_printk_char_out
 .text.printk   0x0000000000005518       0x1a zephyr/libzephyr.a(printk.c.obj)
                0x0000000000005518                printk
 .text.process_recheck
                0x0000000000005532       0x38 zephyr/libzephyr.a(onoff.c.obj)
 .text.validate_args
                0x000000000000556a       0x20 zephyr/libzephyr.a(onoff.c.obj)
 .text.notify_one
                0x000000000000558a       0x2c zephyr/libzephyr.a(onoff.c.obj)
 .text.transition_complete
                0x00000000000055b6       0x1c zephyr/libzephyr.a(onoff.c.obj)
 .text.onoff_manager_init
                0x00000000000055d2       0x26 zephyr/libzephyr.a(onoff.c.obj)
                0x00000000000055d2                onoff_manager_init
 .text.onoff_request
                0x00000000000055f8       0xb0 zephyr/libzephyr.a(onoff.c.obj)
                0x00000000000055f8                onoff_request
 .text.sys_notify_validate
                0x00000000000056a8       0x22 zephyr/libzephyr.a(notify.c.obj)
                0x00000000000056a8                sys_notify_validate
 .text.sys_notify_finalize
                0x00000000000056ca       0x1a zephyr/libzephyr.a(notify.c.obj)
                0x00000000000056ca                sys_notify_finalize
 .text._ConfigAbsSyms
                0x00000000000056e4        0x2 zephyr/libzephyr.a(configs.c.obj)
                0x00000000000056e4                _ConfigAbsSyms
 .text.z_log_minimal_printk
                0x00000000000056e6       0x1a zephyr/libzephyr.a(log_minimal.c.obj)
                0x00000000000056e6                z_log_minimal_printk
 .text.flash_area_close
                0x0000000000005700        0x2 zephyr/libzephyr.a(flash_map.c.obj)
                0x0000000000005700                flash_area_close
 .text.flash_area_read
                0x0000000000005702       0x2a zephyr/libzephyr.a(flash_map.c.obj)
                0x0000000000005702                flash_area_read
 .text.flash_area_write
                0x000000000000572c       0x2a zephyr/libzephyr.a(flash_map.c.obj)
                0x000000000000572c                flash_area_write
 .text.flash_area_erase
                0x0000000000005756       0x28 zephyr/libzephyr.a(flash_map.c.obj)
                0x0000000000005756                flash_area_erase
 .text.flash_area_align
                0x000000000000577e        0xe zephyr/libzephyr.a(flash_map.c.obj)
                0x000000000000577e                flash_area_align
 .text.flash_area_erased_val
                0x000000000000578c        0xe zephyr/libzephyr.a(flash_map.c.obj)
                0x000000000000578c                flash_area_erased_val
 .text.get_sectors_cb
                0x000000000000579a       0x44 zephyr/libzephyr.a(flash_map_layout.c.obj)
 .text.z_arm_fatal_error
                0x00000000000057de        0x4 zephyr/arch/arch/arm/core/libarch__arm__core.a(fatal.c.obj)
                0x00000000000057de                z_arm_fatal_error
 .text.z_do_kernel_oops
                0x00000000000057e2        0x8 zephyr/arch/arch/arm/core/libarch__arm__core.a(fatal.c.obj)
                0x00000000000057e2                z_do_kernel_oops
 .text.z_arm_nmi
                0x00000000000057ea        0xe zephyr/arch/arch/arm/core/libarch__arm__core.a(nmi.c.obj)
                0x00000000000057ea                z_arm_nmi
 .text.z_irq_spurious
                0x00000000000057f8        0x8 zephyr/arch/arch/arm/core/cortex_m/libarch__arm__core__cortex_m.a(irq_manage.c.obj)
                0x00000000000057f8                z_irq_spurious
 .text.size_to_mpu_rasr_size
                0x0000000000005800       0x20 zephyr/arch/arch/arm/core/mpu/libarch__arm__core__mpu.a(arm_mpu.c.obj)
 .text.strlen   0x0000000000005820        0xe zephyr/lib/libc/minimal/liblib__libc__minimal.a(string.c.obj)
                0x0000000000005820                strlen
 .text.memcmp   0x000000000000582e       0x20 zephyr/lib/libc/minimal/liblib__libc__minimal.a(string.c.obj)
                0x000000000000582e                memcmp
 .text.memcpy   0x000000000000584e       0x16 zephyr/lib/libc/minimal/liblib__libc__minimal.a(string.c.obj)
                0x000000000000584e                memcpy
 .text.memset   0x0000000000005864       0x12 zephyr/lib/libc/minimal/liblib__libc__minimal.a(string.c.obj)
                0x0000000000005864                memset
 .text.get_status
                0x0000000000005876       0x12 zephyr/drivers/clock_control/libdrivers__clock_control.a(clock_control_nrf.c.obj)
 .text.set_on_state
                0x0000000000005888       0x26 zephyr/drivers/clock_control/libdrivers__clock_control.a(clock_control_nrf.c.obj)
 .text.stop     0x00000000000058ae       0x52 zephyr/drivers/clock_control/libdrivers__clock_control.a(clock_control_nrf.c.obj)
 .text.api_stop
                0x0000000000005900        0x6 zephyr/drivers/clock_control/libdrivers__clock_control.a(clock_control_nrf.c.obj)
 .text.async_start
                0x0000000000005906       0x5c zephyr/drivers/clock_control/libdrivers__clock_control.a(clock_control_nrf.c.obj)
 .text.api_start
                0x0000000000005962        0xe zephyr/drivers/clock_control/libdrivers__clock_control.a(clock_control_nrf.c.obj)
 .text.api_blocking_start
                0x0000000000005970        0x6 zephyr/drivers/clock_control/libdrivers__clock_control.a(clock_control_nrf.c.obj)
 .text.onoff_started_callback
                0x0000000000005976       0x12 zephyr/drivers/clock_control/libdrivers__clock_control.a(clock_control_nrf.c.obj)
 .text.lfclk_stop
                0x0000000000005988        0x6 zephyr/drivers/clock_control/libdrivers__clock_control.a(clock_control_nrf.c.obj)
 .text.is_regular_addr_valid
                0x000000000000598e       0x22 zephyr/drivers/flash/libdrivers__flash.a(soc_flash_nrf.c.obj)
 .text.flash_nrf_erase
                0x00000000000059b0       0x4c zephyr/drivers/flash/libdrivers__flash.a(soc_flash_nrf.c.obj)
 .text.flash_nrf_read
                0x00000000000059fc       0x28 zephyr/drivers/flash/libdrivers__flash.a(soc_flash_nrf.c.obj)
 .text.flash_get_page_info
                0x0000000000005a24       0x62 zephyr/drivers/flash/libdrivers__flash.a(flash_page_layout.c.obj)
 .text.z_impl_flash_get_page_info_by_offs
                0x0000000000005a86        0x8 zephyr/drivers/flash/libdrivers__flash.a(flash_page_layout.c.obj)
                0x0000000000005a86                z_impl_flash_get_page_info_by_offs
 .text.flash_page_foreach
                0x0000000000005a8e       0x58 zephyr/drivers/flash/libdrivers__flash.a(flash_page_layout.c.obj)
                0x0000000000005a8e                flash_page_foreach
 .text.gpio_nrfx_port_get_raw
                0x0000000000005ae6        0xe zephyr/drivers/gpio/libdrivers__gpio.a(gpio_nrfx.c.obj)
 .text.gpio_nrfx_port_set_masked_raw
                0x0000000000005af4       0x18 zephyr/drivers/gpio/libdrivers__gpio.a(gpio_nrfx.c.obj)
 .text.gpio_nrfx_port_set_bits_raw
                0x0000000000005b0c        0xc zephyr/drivers/gpio/libdrivers__gpio.a(gpio_nrfx.c.obj)
 .text.gpio_nrfx_port_clear_bits_raw
                0x0000000000005b18        0xc zephyr/drivers/gpio/libdrivers__gpio.a(gpio_nrfx.c.obj)
 .text.gpio_nrfx_port_toggle_bits
                0x0000000000005b24       0x1a zephyr/drivers/gpio/libdrivers__gpio.a(gpio_nrfx.c.obj)
 .text.gpio_nrfx_manage_callback
                0x0000000000005b3e       0x52 zephyr/drivers/gpio/libdrivers__gpio.a(gpio_nrfx.c.obj)
 .text.pinctrl_lookup_state
                0x0000000000005b90       0x26 zephyr/drivers/pinctrl/libdrivers__pinctrl.a(common.c.obj)
                0x0000000000005b90                pinctrl_lookup_state
 .text.pwm_nrfx_init0
                0x0000000000005bb6       0x18 zephyr/drivers/pwm/libdrivers__pwm.a(pwm_nrfx.c.obj)
 .text.pwm_nrfx_init1
                0x0000000000005bce       0x18 zephyr/drivers/pwm/libdrivers__pwm.a(pwm_nrfx.c.obj)
 .text.pwm_nrfx_init2
                0x0000000000005be6       0x18 zephyr/drivers/pwm/libdrivers__pwm.a(pwm_nrfx.c.obj)
 .text.pwm_nrfx_set_cycles
                0x0000000000005bfe      0x148 zephyr/drivers/pwm/libdrivers__pwm.a(pwm_nrfx.c.obj)
 .text.event_clear
                0x0000000000005d46       0x18 zephyr/drivers/timer/libdrivers__timer.a(nrf_rtc_timer.c.obj)
 .text.fprotect_area
                0x0000000000005d5e       0x86 modules/nrf/lib/fprotect/lib..__nrf__lib__fprotect.a(fprotect_bprot.c.obj)
                0x0000000000005d5e                fprotect_area
 .text.k_sys_fatal_error_handler
                0x0000000000005de4        0x8 modules/nrf/lib/fatal_error/lib..__nrf__lib__fatal_error.a(fatal_error.c.obj)
                0x0000000000005de4                k_sys_fatal_error_handler
 .text.boot_swap_info_off
                0x0000000000005dec        0xc modules/mcuboot/boot/bootutil/zephyr/libmcuboot_util.a(bootutil_public.c.obj)
                0x0000000000005dec                boot_swap_info_off
 .text.boot_magic_compatible_check
                0x0000000000005df8       0x1c modules/mcuboot/boot/bootutil/zephyr/libmcuboot_util.a(bootutil_public.c.obj)
                0x0000000000005df8                boot_magic_compatible_check
 .text.bootutil_buffer_is_erased
                0x0000000000005e14       0x26 modules/mcuboot/boot/bootutil/zephyr/libmcuboot_util.a(bootutil_public.c.obj)
                0x0000000000005e14                bootutil_buffer_is_erased
 .text.boot_read_flag
                0x0000000000005e3a       0x38 modules/mcuboot/boot/bootutil/zephyr/libmcuboot_util.a(bootutil_public.c.obj)
 .text.boot_write_trailer
                0x0000000000005e72       0x58 modules/mcuboot/boot/bootutil/zephyr/libmcuboot_util.a(bootutil_public.c.obj)
                0x0000000000005e72                boot_write_trailer
 .text.boot_write_trailer_flag
                0x0000000000005eca       0x14 modules/mcuboot/boot/bootutil/zephyr/libmcuboot_util.a(bootutil_public.c.obj)
                0x0000000000005eca                boot_write_trailer_flag
 .text.boot_write_image_ok
                0x0000000000005ede        0xe modules/mcuboot/boot/bootutil/zephyr/libmcuboot_util.a(bootutil_public.c.obj)
                0x0000000000005ede                boot_write_image_ok
 .text.boot_read_image_ok
                0x0000000000005eec        0xc modules/mcuboot/boot/bootutil/zephyr/libmcuboot_util.a(bootutil_public.c.obj)
                0x0000000000005eec                boot_read_image_ok
 .text.boot_read_swap_state_by_id
                0x0000000000005ef8       0x28 modules/mcuboot/boot/bootutil/zephyr/libmcuboot_util.a(bootutil_public.c.obj)
                0x0000000000005ef8                boot_read_swap_state_by_id
 .text.boot_write_swap_info
                0x0000000000005f20       0x22 modules/mcuboot/boot/bootutil/zephyr/libmcuboot_util.a(bootutil_public.c.obj)
                0x0000000000005f20                boot_write_swap_info
 .text.boot_write_copy_done
                0x0000000000005f42       0x10 modules/mcuboot/boot/bootutil/zephyr/libmcuboot_util.a(bootutil_public.c.obj)
                0x0000000000005f42                boot_write_copy_done
 .text.mbedtls_asn1_get_len
                0x0000000000005f52       0x68 modules/mbedtls/libmbedTLSBase.a(asn1parse.c.obj)
                0x0000000000005f52                mbedtls_asn1_get_len
 .text.mbedtls_asn1_get_tag
                0x0000000000005fba       0x28 modules/mbedtls/libmbedTLSBase.a(asn1parse.c.obj)
                0x0000000000005fba                mbedtls_asn1_get_tag
 .text.mbedtls_asn1_get_mpi
                0x0000000000005fe2       0x26 modules/mbedtls/libmbedTLSBase.a(asn1parse.c.obj)
                0x0000000000005fe2                mbedtls_asn1_get_mpi
 .text.mbedtls_mpi_core_bitlen
                0x0000000000006008       0x1e modules/mbedtls/libmbedTLSBase.a(bignum_core.c.obj)
                0x0000000000006008                mbedtls_mpi_core_bitlen
 .text.mbedtls_mpi_core_bigendian_to_host
                0x0000000000006026       0x26 modules/mbedtls/libmbedTLSBase.a(bignum_core.c.obj)
                0x0000000000006026                mbedtls_mpi_core_bigendian_to_host
 .text.mbedtls_mpi_core_read_be
                0x000000000000604c       0x4a modules/mbedtls/libmbedTLSBase.a(bignum_core.c.obj)
                0x000000000000604c                mbedtls_mpi_core_read_be
 .text.mbedtls_mpi_core_write_be
                0x0000000000006096       0x64 modules/mbedtls/libmbedTLSBase.a(bignum_core.c.obj)
                0x0000000000006096                mbedtls_mpi_core_write_be
 .text.mbedtls_mpi_core_shift_r
                0x00000000000060fa       0x74 modules/mbedtls/libmbedTLSBase.a(bignum_core.c.obj)
                0x00000000000060fa                mbedtls_mpi_core_shift_r
 .text.mbedtls_mpi_core_shift_l
                0x000000000000616e       0x6c modules/mbedtls/libmbedTLSBase.a(bignum_core.c.obj)
                0x000000000000616e                mbedtls_mpi_core_shift_l
 .text.mbedtls_mpi_core_add
                0x00000000000061da       0x2c modules/mbedtls/libmbedTLSBase.a(bignum_core.c.obj)
                0x00000000000061da                mbedtls_mpi_core_add
 .text.mbedtls_mpi_core_sub
                0x0000000000006206       0x3a modules/mbedtls/libmbedTLSBase.a(bignum_core.c.obj)
                0x0000000000006206                mbedtls_mpi_core_sub
 .text.mbedtls_mpi_core_mla
                0x0000000000006240      0x178 modules/mbedtls/libmbedTLSBase.a(bignum_core.c.obj)
                0x0000000000006240                mbedtls_mpi_core_mla
 .text.mbedtls_mpi_core_montmul_init
                0x00000000000063b8       0x22 modules/mbedtls/libmbedTLSBase.a(bignum_core.c.obj)
                0x00000000000063b8                mbedtls_mpi_core_montmul_init
 .text.mbedtls_mpi_core_montmul
                0x00000000000063da       0x96 modules/mbedtls/libmbedTLSBase.a(bignum_core.c.obj)
                0x00000000000063da                mbedtls_mpi_core_montmul
 .text.mbedtls_mpi_core_sub_int
                0x0000000000006470       0x22 modules/mbedtls/libmbedTLSBase.a(bignum_core.c.obj)
                0x0000000000006470                mbedtls_mpi_core_sub_int
 .text.mpi_montmul.isra.0
                0x0000000000006492       0x1e modules/mbedtls/libmbedTLSBase.a(bignum.c.obj)
 .text.mbedtls_mpi_init
                0x00000000000064b0        0xa modules/mbedtls/libmbedTLSBase.a(bignum.c.obj)
                0x00000000000064b0                mbedtls_mpi_init
 .text.mbedtls_mpi_free
                0x00000000000064ba       0x1c modules/mbedtls/libmbedTLSBase.a(bignum.c.obj)
                0x00000000000064ba                mbedtls_mpi_free
 .text.mbedtls_mpi_grow
                0x00000000000064d6       0x48 modules/mbedtls/libmbedTLSBase.a(bignum.c.obj)
                0x00000000000064d6                mbedtls_mpi_grow
 .text.mbedtls_mpi_resize_clear
                0x000000000000651e       0x36 modules/mbedtls/libmbedTLSBase.a(bignum.c.obj)
 .text.mbedtls_mpi_copy
                0x0000000000006554       0x6a modules/mbedtls/libmbedTLSBase.a(bignum.c.obj)
                0x0000000000006554                mbedtls_mpi_copy
 .text.mbedtls_mpi_lset
                0x00000000000065be       0x38 modules/mbedtls/libmbedTLSBase.a(bignum.c.obj)
                0x00000000000065be                mbedtls_mpi_lset
 .text.mbedtls_mpi_get_bit
                0x00000000000065f6       0x20 modules/mbedtls/libmbedTLSBase.a(bignum.c.obj)
                0x00000000000065f6                mbedtls_mpi_get_bit
 .text.mbedtls_mpi_bitlen
                0x0000000000006616        0x8 modules/mbedtls/libmbedTLSBase.a(bignum.c.obj)
                0x0000000000006616                mbedtls_mpi_bitlen
 .text.mbedtls_mpi_size
                0x000000000000661e        0xc modules/mbedtls/libmbedTLSBase.a(bignum.c.obj)
                0x000000000000661e                mbedtls_mpi_size
 .text.mbedtls_mpi_read_binary
                0x000000000000662a       0x2c modules/mbedtls/libmbedTLSBase.a(bignum.c.obj)
                0x000000000000662a                mbedtls_mpi_read_binary
 .text.mbedtls_mpi_write_binary
                0x0000000000006656        0xc modules/mbedtls/libmbedTLSBase.a(bignum.c.obj)
                0x0000000000006656                mbedtls_mpi_write_binary
 .text.mbedtls_mpi_shift_l
                0x0000000000006662       0x3a modules/mbedtls/libmbedTLSBase.a(bignum.c.obj)
                0x0000000000006662                mbedtls_mpi_shift_l
 .text.mbedtls_mpi_shift_r
                0x000000000000669c       0x12 modules/mbedtls/libmbedTLSBase.a(bignum.c.obj)
                0x000000000000669c                mbedtls_mpi_shift_r
 .text.mbedtls_mpi_cmp_abs
                0x00000000000066ae       0x5e modules/mbedtls/libmbedTLSBase.a(bignum.c.obj)
                0x00000000000066ae                mbedtls_mpi_cmp_abs
 .text.mbedtls_mpi_cmp_mpi
                0x000000000000670c       0x90 modules/mbedtls/libmbedTLSBase.a(bignum.c.obj)
                0x000000000000670c                mbedtls_mpi_cmp_mpi
 .text.mbedtls_mpi_cmp_int
                0x000000000000679c       0x30 modules/mbedtls/libmbedTLSBase.a(bignum.c.obj)
                0x000000000000679c                mbedtls_mpi_cmp_int
 .text.mbedtls_mpi_add_abs
                0x00000000000067cc       0x92 modules/mbedtls/libmbedTLSBase.a(bignum.c.obj)
                0x00000000000067cc                mbedtls_mpi_add_abs
 .text.mbedtls_mpi_sub_abs
                0x000000000000685e       0xa2 modules/mbedtls/libmbedTLSBase.a(bignum.c.obj)
                0x000000000000685e                mbedtls_mpi_sub_abs
 .text.add_sub_mpi
                0x0000000000006900       0x62 modules/mbedtls/libmbedTLSBase.a(bignum.c.obj)
 .text.mbedtls_mpi_add_mpi
                0x0000000000006962        0x6 modules/mbedtls/libmbedTLSBase.a(bignum.c.obj)
                0x0000000000006962                mbedtls_mpi_add_mpi
 .text.mbedtls_mpi_sub_mpi
                0x0000000000006968        0x8 modules/mbedtls/libmbedTLSBase.a(bignum.c.obj)
                0x0000000000006968                mbedtls_mpi_sub_mpi
 .text.mbedtls_mpi_mul_int
                0x0000000000006970       0x62 modules/mbedtls/libmbedTLSBase.a(bignum.c.obj)
                0x0000000000006970                mbedtls_mpi_mul_int
 .text.mbedtls_mpi_mod_mpi
                0x00000000000069d2       0x64 modules/mbedtls/libmbedTLSBase.a(bignum.c.obj)
                0x00000000000069d2                mbedtls_mpi_mod_mpi
 .text.mbedtls_mpi_exp_mod
                0x0000000000006a36      0x400 modules/mbedtls/libmbedTLSBase.a(bignum.c.obj)
                0x0000000000006a36                mbedtls_mpi_exp_mod
 .text.mbedtls_get_unaligned_uint32
                0x0000000000006e36       0x16 modules/mbedtls/libmbedTLSBase.a(platform_util.c.obj)
                0x0000000000006e36                mbedtls_get_unaligned_uint32
 .text.mbedtls_put_unaligned_uint32
                0x0000000000006e4c       0x14 modules/mbedtls/libmbedTLSBase.a(platform_util.c.obj)
                0x0000000000006e4c                mbedtls_put_unaligned_uint32
 .text.mbedtls_zeroize_and_free
                0x0000000000006e60       0x14 modules/mbedtls/libmbedTLSBase.a(platform_util.c.obj)
                0x0000000000006e60                mbedtls_zeroize_and_free
 .text.platform_calloc_uninit
                0x0000000000006e74        0x4 modules/mbedtls/libmbedTLSBase.a(platform.c.obj)
 .text.platform_exit_uninit
                0x0000000000006e78        0x2 modules/mbedtls/libmbedTLSBase.a(platform.c.obj)
 .text.platform_free_uninit
                0x0000000000006e7a        0x2 modules/mbedtls/libmbedTLSBase.a(platform.c.obj)
 .text.mbedtls_rsa_import
                0x0000000000006e7c       0x86 modules/mbedtls/libmbedTLSBase.a(rsa.c.obj)
                0x0000000000006e7c                mbedtls_rsa_import
 .text.mbedtls_rsa_init
                0x0000000000006f02       0x14 modules/mbedtls/libmbedTLSBase.a(rsa.c.obj)
                0x0000000000006f02                mbedtls_rsa_init
 .text.mbedtls_rsa_get_len
                0x0000000000006f16        0x4 modules/mbedtls/libmbedTLSBase.a(rsa.c.obj)
                0x0000000000006f16                mbedtls_rsa_get_len
 .text.mbedtls_rsa_free
                0x0000000000006f1a       0x72 modules/mbedtls/libmbedTLSBase.a(rsa.c.obj)
                0x0000000000006f1a                mbedtls_rsa_free
 .text.mbedtls_bswap32
                0x0000000000006f8c        0x4 modules/mbedtls/libmbedTLSBase.a(sha256.c.obj)
 .text.mbedtls_sha256_init
                0x0000000000006f90        0x8 modules/mbedtls/libmbedTLSBase.a(sha256.c.obj)
                0x0000000000006f90                mbedtls_sha256_init
 .text.mbedtls_sha256_free
                0x0000000000006f98        0xa modules/mbedtls/libmbedTLSBase.a(sha256.c.obj)
                0x0000000000006f98                mbedtls_sha256_free
 .text.mbedtls_sha256_update
                0x0000000000006fa2       0x7e modules/mbedtls/libmbedTLSBase.a(sha256.c.obj)
                0x0000000000006fa2                mbedtls_sha256_update
 .text.mbedtls_sha256_finish
                0x0000000000007020      0x104 modules/mbedtls/libmbedTLSBase.a(sha256.c.obj)
                0x0000000000007020                mbedtls_sha256_finish
 .text._mbedtls_init
                0x0000000000007124        0x4 modules/mbedtls/libmbedTLSBase.a(zephyr_init.c.obj)
 .text.nrf52_errata_12
                0x0000000000007128       0x1c modules/hal_nordic/nrfx/libmodules__hal_nordic__nrfx.a(system_nrf52.c.obj)
 .text.nrfx_isr
                0x0000000000007144        0x2 modules/hal_nordic/nrfx/libmodules__hal_nordic__nrfx.a(nrfx_glue.c.obj)
                0x0000000000007144                nrfx_isr
 .text.nrfx_busy_wait
                0x0000000000007146        0x4 modules/hal_nordic/nrfx/libmodules__hal_nordic__nrfx.a(nrfx_glue.c.obj)
                0x0000000000007146                nrfx_busy_wait
 .text.nrfx_clock_stop
                0x000000000000714a        0x4 modules/hal_nordic/nrfx/libmodules__hal_nordic__nrfx.a(nrfx_clock.c.obj)
                0x000000000000714a                nrfx_clock_stop
 .text.nrf_gpio_pin_port_decode
                0x000000000000714e       0x14 modules/hal_nordic/nrfx/libmodules__hal_nordic__nrfx.a(nrfx_gpiote.c.obj)
 .text.nrf_gpio_reconfigure
                0x0000000000007162       0x92 modules/hal_nordic/nrfx/libmodules__hal_nordic__nrfx.a(nrfx_gpiote.c.obj)
 .text.nrf_gpio_cfg_sense_set
                0x00000000000071f4       0x1e modules/hal_nordic/nrfx/libmodules__hal_nordic__nrfx.a(nrfx_gpiote.c.obj)
 .text.latch_pending_read_and_check
                0x0000000000007212       0x1c modules/hal_nordic/nrfx/libmodules__hal_nordic__nrfx.a(nrfx_gpiote.c.obj)
 .text.nrfx_gpiote_pin_uninit
                0x000000000000722e        0x4 modules/hal_nordic/nrfx/libmodules__hal_nordic__nrfx.a(nrfx_gpiote.c.obj)
                0x000000000000722e                nrfx_gpiote_pin_uninit
 .text.nrfx_gpiote_trigger_disable
                0x0000000000007232        0x4 modules/hal_nordic/nrfx/libmodules__hal_nordic__nrfx.a(nrfx_gpiote.c.obj)
                0x0000000000007232                nrfx_gpiote_trigger_disable
 .text.nrfx_nvmc_flash_size_get
                0x0000000000007236        0xc modules/hal_nordic/nrfx/libmodules__hal_nordic__nrfx.a(nrfx_nvmc.c.obj)
                0x0000000000007236                nrfx_nvmc_flash_size_get
 .text.nrfx_nvmc_flash_page_size_get
                0x0000000000007242        0x8 modules/hal_nordic/nrfx/libmodules__hal_nordic__nrfx.a(nrfx_nvmc.c.obj)
                0x0000000000007242                nrfx_nvmc_flash_page_size_get
 .text.nrfx_nvmc_flash_page_count_get
                0x000000000000724a        0x8 modules/hal_nordic/nrfx/libmodules__hal_nordic__nrfx.a(nrfx_nvmc.c.obj)
                0x000000000000724a                nrfx_nvmc_flash_page_count_get
 .text.__nrfy_internal_pwm_event_handle.isra.0
                0x0000000000007252       0x22 modules/hal_nordic/nrfx/libmodules__hal_nordic__nrfx.a(nrfx_pwm.c.obj)
 .text.__nrfy_internal_pwm_events_process
                0x0000000000007274       0x54 modules/hal_nordic/nrfx/libmodules__hal_nordic__nrfx.a(nrfx_pwm.c.obj)
 .text.irq_handler
                0x00000000000072c8       0x68 modules/hal_nordic/nrfx/libmodules__hal_nordic__nrfx.a(nrfx_pwm.c.obj)
 .text.nrfx_pwm_stopped_check
                0x0000000000007330        0x4 modules/hal_nordic/nrfx/libmodules__hal_nordic__nrfx.a(nrfx_pwm.c.obj)
                0x0000000000007330                nrfx_pwm_stopped_check
 .text.SEGGER_RTT_Init
                0x0000000000007334        0x4 modules/segger/libmodules__segger.a(SEGGER_RTT.c.obj)
                0x0000000000007334                SEGGER_RTT_Init
 .text.rtt_init
                0x0000000000007338        0xa modules/segger/libmodules__segger.a(SEGGER_RTT_zephyr.c.obj)
 .text.z_impl_k_busy_wait
                0x0000000000007342        0x8 zephyr/kernel/libkernel.a(busy_wait.c.obj)
                0x0000000000007342                z_impl_k_busy_wait
 .text.z_device_state_init
                0x000000000000734a        0x2 zephyr/kernel/libkernel.a(device.c.obj)
                0x000000000000734a                z_device_state_init
 .text.z_device_is_ready
                0x000000000000734c       0x16 zephyr/kernel/libkernel.a(device.c.obj)
                0x000000000000734c                z_device_is_ready
 .text.z_fatal_error
                0x0000000000007362       0x20 zephyr/kernel/libkernel.a(fatal.c.obj)
                0x0000000000007362                z_fatal_error
 .text.z_early_memset
                0x0000000000007382        0x4 zephyr/kernel/libkernel.a(init.c.obj)
                0x0000000000007382                z_early_memset
 .text.z_early_memcpy
                0x0000000000007386        0x4 zephyr/kernel/libkernel.a(init.c.obj)
                0x0000000000007386                z_early_memcpy
 .text.k_is_in_isr
                0x000000000000738a        0xc zephyr/kernel/libkernel.a(thread.c.obj)
                0x000000000000738a                k_is_in_isr
 *(SORT_BY_ALIGNMENT(.TEXT.*))
 *(SORT_BY_ALIGNMENT(.gnu.linkonce.t.*))
 *(SORT_BY_ALIGNMENT(.glue_7t))
 .glue_7t       0x0000000000007396        0x0 linker stubs
 *(SORT_BY_ALIGNMENT(.glue_7))
 .glue_7        0x0000000000007396        0x0 linker stubs
 *(SORT_BY_ALIGNMENT(.vfp11_veneer))
 .vfp11_veneer  0x0000000000007396        0x0 linker stubs
 *(SORT_BY_ALIGNMENT(.v4_bx))
 .v4_bx         0x0000000000007396        0x0 linker stubs
                0x0000000000007398                . = ALIGN (0x4)
 *fill*         0x0000000000007396        0x2 
                0x0000000000007398                __text_region_end = .

.ARM.exidx      0x0000000000007398        0x8
                0x0000000000007398                __exidx_start = .
 *(SORT_BY_ALIGNMENT(.ARM.exidx*) SORT_BY_ALIGNMENT(gnu.linkonce.armexidx.*))
 .ARM.exidx     0x0000000000007398        0x8 c:/ncs/toolchains/cf2149caf2/opt/zephyr-sdk/arm-zephyr-eabi/bin/../lib/gcc/arm-zephyr-eabi/12.2.0/thumb/v7e-m/nofp\libgcc.a(_udivmoddi4.o)
                0x00000000000073a0                __exidx_end = .
                0x00000000000073a0                __rodata_region_start = .

initlevel       0x00000000000073a0       0x50
                0x00000000000073a0                __init_start = .
                0x00000000000073a0                __init_EARLY_start = .
 *(SORT_BY_NAME(SORT_BY_ALIGNMENT(.z_init_EARLY?_*)))
 *(SORT_BY_NAME(SORT_BY_ALIGNMENT(.z_init_EARLY??_*)))
                0x00000000000073a0                __init_PRE_KERNEL_1_start = .
 *(SORT_BY_NAME(SORT_BY_ALIGNMENT(.z_init_PRE_KERNEL_1?_*)))
 .z_init_PRE_KERNEL_10_0_
                0x00000000000073a0        0x8 zephyr/soc/soc/arm/nordic_nrf/libsoc__arm__nordic_nrf.a(soc.c.obj)
 *(SORT_BY_NAME(SORT_BY_ALIGNMENT(.z_init_PRE_KERNEL_1??_*)))
 .z_init_PRE_KERNEL_130_00068_
                0x00000000000073a8        0x8 zephyr/drivers/clock_control/libdrivers__clock_control.a(clock_control_nrf.c.obj)
 .z_init_PRE_KERNEL_130_0_
                0x00000000000073b0        0x8 modules/segger/libmodules__segger.a(SEGGER_RTT_zephyr.c.obj)
 .z_init_PRE_KERNEL_140_00009_
                0x00000000000073b8        0x8 zephyr/drivers/gpio/libdrivers__gpio.a(gpio_nrfx.c.obj)
                0x00000000000073c0                __init_PRE_KERNEL_2_start = .
 *(SORT_BY_NAME(SORT_BY_ALIGNMENT(.z_init_PRE_KERNEL_2?_*)))
 .z_init_PRE_KERNEL_20_0_
                0x00000000000073c0        0x8 zephyr/drivers/timer/libdrivers__timer.a(nrf_rtc_timer.c.obj)
 *(SORT_BY_NAME(SORT_BY_ALIGNMENT(.z_init_PRE_KERNEL_2??_*)))
                0x00000000000073c8                __init_POST_KERNEL_start = .
 *(SORT_BY_NAME(SORT_BY_ALIGNMENT(.z_init_POST_KERNEL?_*)))
 .z_init_POST_KERNEL0_0_
                0x00000000000073c8        0x8 modules/mbedtls/libmbedTLSBase.a(zephyr_init.c.obj)
 *(SORT_BY_NAME(SORT_BY_ALIGNMENT(.z_init_POST_KERNEL??_*)))
 .z_init_POST_KERNEL50_00049_
                0x00000000000073d0        0x8 zephyr/drivers/pwm/libdrivers__pwm.a(pwm_nrfx.c.obj)
 .z_init_POST_KERNEL50_00050_
                0x00000000000073d8        0x8 zephyr/drivers/pwm/libdrivers__pwm.a(pwm_nrfx.c.obj)
 .z_init_POST_KERNEL50_00051_
                0x00000000000073e0        0x8 zephyr/drivers/pwm/libdrivers__pwm.a(pwm_nrfx.c.obj)
 .z_init_POST_KERNEL50_00104_
                0x00000000000073e8        0x8 zephyr/drivers/flash/libdrivers__flash.a(soc_flash_nrf.c.obj)
                0x00000000000073f0                __init_APPLICATION_start = .
 *(SORT_BY_NAME(SORT_BY_ALIGNMENT(.z_init_APPLICATION?_*)))
 *(SORT_BY_NAME(SORT_BY_ALIGNMENT(.z_init_APPLICATION??_*)))
                0x00000000000073f0                __init_SMP_start = .
 *(SORT_BY_NAME(SORT_BY_ALIGNMENT(.z_init_SMP?_*)))
 *(SORT_BY_NAME(SORT_BY_ALIGNMENT(.z_init_SMP??_*)))
                0x00000000000073f0                __init_end = .

device_area     0x00000000000073f0       0x78
                0x00000000000073f0                _device_list_start = .
 *(SORT_BY_NAME(SORT_BY_ALIGNMENT(._device.static.*_?_*)))
 *(SORT_BY_NAME(SORT_BY_ALIGNMENT(._device.static.*_??_*)))
 ._device.static.1_30_
                0x00000000000073f0       0x14 zephyr/drivers/clock_control/libdrivers__clock_control.a(clock_control_nrf.c.obj)
                0x00000000000073f0                __device_dts_ord_68
 ._device.static.1_40_
                0x0000000000007404       0x14 zephyr/drivers/gpio/libdrivers__gpio.a(gpio_nrfx.c.obj)
                0x0000000000007404                __device_dts_ord_9
 ._device.static.3_50_
                0x0000000000007418       0x14 zephyr/drivers/flash/libdrivers__flash.a(soc_flash_nrf.c.obj)
                0x0000000000007418                __device_dts_ord_104
 ._device.static.3_50_
                0x000000000000742c       0x3c zephyr/drivers/pwm/libdrivers__pwm.a(pwm_nrfx.c.obj)
                0x000000000000742c                __device_dts_ord_51
                0x0000000000007440                __device_dts_ord_50
                0x0000000000007454                __device_dts_ord_49
                0x0000000000007468                _device_list_end = .

sw_isr_table    0x0000000000007468      0x138
                0x0000000000007468                . = ALIGN (0x4)
 *(SORT_BY_ALIGNMENT(.gnu.linkonce.sw_isr_table*))
 .gnu.linkonce.sw_isr_table
                0x0000000000007468      0x138 zephyr/CMakeFiles/zephyr_final.dir/isr_tables.c.obj
                0x0000000000007468                _sw_isr_table

initlevel_error
                0x00000000000073a0        0x0
 *(SORT_BY_NAME(SORT_BY_ALIGNMENT(.z_init_[_A-Z0-9]*)))
                0x0000000000000001                ASSERT ((SIZEOF (initlevel_error) == 0x0), Undefined initialization levels used.)

app_shmem_regions
                0x00000000000075a0        0x0
                0x00000000000075a0                __app_shmem_regions_start = .
 *(SORT_BY_NAME(SORT_BY_ALIGNMENT(.app_regions.*)))
                0x00000000000075a0                __app_shmem_regions_end = .

k_p4wq_initparam_area
                0x00000000000075a0        0x0
                0x00000000000075a0                _k_p4wq_initparam_list_start = .
 *(SORT_BY_NAME(SORT_BY_ALIGNMENT(._k_p4wq_initparam.static.*)))
                0x00000000000075a0                _k_p4wq_initparam_list_end = .

_static_thread_data_area
                0x00000000000075a0        0x0
                0x00000000000075a0                __static_thread_data_list_start = .
 *(SORT_BY_NAME(SORT_BY_ALIGNMENT(.__static_thread_data.static.*)))
                0x00000000000075a0                __static_thread_data_list_end = .

device_deps     0x00000000000075a0        0x0
                0x00000000000075a0                __device_deps_start = .
 *(SORT_BY_NAME(SORT_BY_ALIGNMENT(.__device_deps_pass2*)))
                0x00000000000075a0                __device_deps_end = .

ztest           0x00000000000075a0        0x0
                0x00000000000075a0                _ztest_expected_result_entry_list_start = .
 *(SORT_BY_NAME(SORT_BY_ALIGNMENT(._ztest_expected_result_entry.static.*)))
                0x00000000000075a0                _ztest_expected_result_entry_list_end = .
                0x00000000000075a0                _ztest_suite_node_list_start = .
 *(SORT_BY_NAME(SORT_BY_ALIGNMENT(._ztest_suite_node.static.*)))
                0x00000000000075a0                _ztest_suite_node_list_end = .
                0x00000000000075a0                _ztest_unit_test_list_start = .
 *(SORT_BY_NAME(SORT_BY_ALIGNMENT(._ztest_unit_test.static.*)))
                0x00000000000075a0                _ztest_unit_test_list_end = .
                0x00000000000075a0                _ztest_test_rule_list_start = .
 *(SORT_BY_NAME(SORT_BY_ALIGNMENT(._ztest_test_rule.static.*)))
                0x00000000000075a0                _ztest_test_rule_list_end = .

bt_l2cap_fixed_chan_area
                0x00000000000075a0        0x0
                0x00000000000075a0                _bt_l2cap_fixed_chan_list_start = .
 *(SORT_BY_NAME(SORT_BY_ALIGNMENT(._bt_l2cap_fixed_chan.static.*)))
                0x00000000000075a0                _bt_l2cap_fixed_chan_list_end = .

bt_gatt_service_static_area
                0x00000000000075a0        0x0
                0x00000000000075a0                _bt_gatt_service_static_list_start = .
 *(SORT_BY_NAME(SORT_BY_ALIGNMENT(._bt_gatt_service_static.static.*)))
                0x00000000000075a0                _bt_gatt_service_static_list_end = .

log_strings_area
                0x00000000000075a0        0x0
                0x00000000000075a0                _log_strings_list_start = .
 *(SORT_BY_NAME(SORT_BY_ALIGNMENT(._log_strings.static.*)))
                0x00000000000075a0                _log_strings_list_end = .

log_const_area  0x00000000000075a0        0x8
                0x00000000000075a0                _log_const_list_start = .
 *(SORT_BY_NAME(SORT_BY_ALIGNMENT(._log_const.static.*)))
 ._log_const.static.log_const_mcuboot_
                0x00000000000075a0        0x8 app/libapp.a(main.c.obj)
                0x00000000000075a0                log_const_mcuboot
                0x00000000000075a8                _log_const_list_end = .

log_backend_area
                0x00000000000075a8        0x0
                0x00000000000075a8                _log_backend_list_start = .
 *(SORT_BY_NAME(SORT_BY_ALIGNMENT(._log_backend.static.*)))
                0x00000000000075a8                _log_backend_list_end = .

log_link_area   0x00000000000075a8        0x0
                0x00000000000075a8                _log_link_list_start = .
 *(SORT_BY_NAME(SORT_BY_ALIGNMENT(._log_link.static.*)))
                0x00000000000075a8                _log_link_list_end = .

tracing_backend_area
                0x00000000000075a8        0x0
                0x00000000000075a8                _tracing_backend_list_start = .
 *(SORT_BY_NAME(SORT_BY_ALIGNMENT(._tracing_backend.static.*)))
                0x00000000000075a8                _tracing_backend_list_end = .

zephyr_dbg_info
 *(SORT_BY_ALIGNMENT(.dbg_thread_info))

symbol_to_keep  0x00000000000075a8        0x0
                0x00000000000075a8                __symbol_to_keep_start = .
 *(SORT_BY_NAME(SORT_BY_ALIGNMENT(.symbol_to_keep*)))
                0x00000000000075a8                __symbol_to_keep_end = .

shell_area      0x00000000000075a8        0x0
                0x00000000000075a8                _shell_list_start = .
 *(SORT_BY_NAME(SORT_BY_ALIGNMENT(._shell.static.*)))
                0x00000000000075a8                _shell_list_end = .

shell_root_cmds_area
                0x00000000000075a8        0x0
                0x00000000000075a8                _shell_root_cmds_list_start = .
 *(SORT_BY_NAME(SORT_BY_ALIGNMENT(._shell_root_cmds.static.*)))
                0x00000000000075a8                _shell_root_cmds_list_end = .

shell_subcmds_area
                0x00000000000075a8        0x0
                0x00000000000075a8                _shell_subcmds_list_start = .
 *(SORT_BY_NAME(SORT_BY_ALIGNMENT(._shell_subcmds.static.*)))
                0x00000000000075a8                _shell_subcmds_list_end = .

shell_dynamic_subcmds_area
                0x00000000000075a8        0x0
                0x00000000000075a8                _shell_dynamic_subcmds_list_start = .
 *(SORT_BY_NAME(SORT_BY_ALIGNMENT(._shell_dynamic_subcmds.static.*)))
                0x00000000000075a8                _shell_dynamic_subcmds_list_end = .

cfb_font_area   0x00000000000075a8        0x0
                0x00000000000075a8                _cfb_font_list_start = .
 *(SORT_BY_NAME(SORT_BY_ALIGNMENT(._cfb_font.static.*)))
                0x00000000000075a8                _cfb_font_list_end = .

rodata          0x00000000000075b0      0xb28
 *(SORT_BY_ALIGNMENT(.rodata))
 *(SORT_BY_ALIGNMENT(.rodata.*))
 .rodata.delay_machine_code.0
                0x00000000000075b0        0x6 zephyr/soc/soc/arm/nordic_nrf/libsoc__arm__nordic_nrf.a(soc.c.obj)
 *fill*         0x00000000000075b6        0x2 
 .rodata.all_slots.0
                0x00000000000075b8        0x8 app/libapp.a(flash_map_extended.c.obj)
 .rodata.bootutil_key_cnt
                0x00000000000075c0        0x4 app/libapp.a(keys.c.obj)
                0x00000000000075c0                bootutil_key_cnt
 .rodata.bootutil_keys
                0x00000000000075c4        0x8 app/libapp.a(keys.c.obj)
                0x00000000000075c4                bootutil_keys
 .rodata.all_slots.0
                0x00000000000075cc        0x8 app/libapp.a(bootutil_misc.c.obj)
 .rodata.all_slots.0
                0x00000000000075d4        0x8 app/libapp.a(swap_misc.c.obj)
 .rodata.rsa_pub_key_len
                0x00000000000075dc        0x4 app/libapp.a(autogen-pubkey.c.obj)
                0x00000000000075dc                rsa_pub_key_len
 .rodata.mem_attr_region
                0x00000000000075e0        0x0 zephyr/libzephyr.a(mem_attr.c.obj)
 .rodata.flash_map_entries
                0x00000000000075e0        0x4 zephyr/libzephyr.a(flash_map_partition_manager.c.obj)
                0x00000000000075e0                flash_map_entries
 .rodata.default_flash_map
                0x00000000000075e4       0x70 zephyr/libzephyr.a(flash_map_partition_manager.c.obj)
                0x00000000000075e4                default_flash_map
 .rodata.static_regions
                0x0000000000007654       0x18 zephyr/arch/arch/arm/core/mpu/libarch__arm__core__mpu.a(arm_core_mpu.c.obj)
 .rodata.mpu_config
                0x000000000000766c        0x8 zephyr/arch/arch/arm/core/mpu/libarch__arm__core__mpu.a(arm_mpu_regions.c.obj)
                0x000000000000766c                mpu_config
 .rodata.mpu_regions
                0x0000000000007674       0x18 zephyr/arch/arch/arm/core/mpu/libarch__arm__core__mpu.a(arm_mpu_regions.c.obj)
 .rodata.transitions.0
                0x000000000000768c        0xc zephyr/drivers/clock_control/libdrivers__clock_control.a(clock_control_nrf.c.obj)
 .rodata.config
                0x0000000000007698       0x18 zephyr/drivers/clock_control/libdrivers__clock_control.a(clock_control_nrf.c.obj)
 .rodata.clock_control_api
                0x00000000000076b0       0x1c zephyr/drivers/clock_control/libdrivers__clock_control.a(clock_control_nrf.c.obj)
 .rodata.flash_nrf_api
                0x00000000000076cc       0x14 zephyr/drivers/flash/libdrivers__flash.a(soc_flash_nrf.c.obj)
 .rodata.flash_nrf_parameters
                0x00000000000076e0        0x8 zephyr/drivers/flash/libdrivers__flash.a(soc_flash_nrf.c.obj)
 .rodata.gpio_nrfx_p0_cfg
                0x00000000000076e8       0x18 zephyr/drivers/gpio/libdrivers__gpio.a(gpio_nrfx.c.obj)
 .rodata.gpio_nrfx_drv_api_funcs
                0x0000000000007700       0x24 zephyr/drivers/gpio/libdrivers__gpio.a(gpio_nrfx.c.obj)
 .rodata.pwm_nrfx_2_config
                0x0000000000007724       0x3c zephyr/drivers/pwm/libdrivers__pwm.a(pwm_nrfx.c.obj)
 .rodata.__pinctrl_dev_config__device_dts_ord_51
                0x0000000000007760        0xc zephyr/drivers/pwm/libdrivers__pwm.a(pwm_nrfx.c.obj)
 .rodata.__pinctrl_states__device_dts_ord_51
                0x000000000000776c        0x8 zephyr/drivers/pwm/libdrivers__pwm.a(pwm_nrfx.c.obj)
 .rodata.__pinctrl_state_pins_0__device_dts_ord_51
                0x0000000000007774       0x10 zephyr/drivers/pwm/libdrivers__pwm.a(pwm_nrfx.c.obj)
 .rodata.pwm_nrfx_1_config
                0x0000000000007784       0x3c zephyr/drivers/pwm/libdrivers__pwm.a(pwm_nrfx.c.obj)
 .rodata.__pinctrl_dev_config__device_dts_ord_50
                0x00000000000077c0        0xc zephyr/drivers/pwm/libdrivers__pwm.a(pwm_nrfx.c.obj)
 .rodata.__pinctrl_states__device_dts_ord_50
                0x00000000000077cc        0x8 zephyr/drivers/pwm/libdrivers__pwm.a(pwm_nrfx.c.obj)
 .rodata.__pinctrl_state_pins_0__device_dts_ord_50
                0x00000000000077d4       0x10 zephyr/drivers/pwm/libdrivers__pwm.a(pwm_nrfx.c.obj)
 .rodata.pwm_nrfx_0_config
                0x00000000000077e4       0x3c zephyr/drivers/pwm/libdrivers__pwm.a(pwm_nrfx.c.obj)
 .rodata.__pinctrl_dev_config__device_dts_ord_49
                0x0000000000007820        0xc zephyr/drivers/pwm/libdrivers__pwm.a(pwm_nrfx.c.obj)
 .rodata.__pinctrl_states__device_dts_ord_49
                0x000000000000782c        0x8 zephyr/drivers/pwm/libdrivers__pwm.a(pwm_nrfx.c.obj)
 .rodata.__pinctrl_state_pins_0__device_dts_ord_49
                0x0000000000007834       0x10 zephyr/drivers/pwm/libdrivers__pwm.a(pwm_nrfx.c.obj)
 .rodata.pwm_nrfx_drv_api_funcs
                0x0000000000007844        0x8 zephyr/drivers/pwm/libdrivers__pwm.a(pwm_nrfx.c.obj)
 .rodata.all_slots.0
                0x000000000000784c        0x8 modules/mcuboot/boot/bootutil/zephyr/libmcuboot_util.a(bootutil_public.c.obj)
 .rodata.K      0x0000000000007854      0x100 modules/mbedtls/libmbedTLSBase.a(sha256.c.obj)
 .rodata.levels.0
                0x0000000000007954       0x18 zephyr/kernel/libkernel.a(init.c.obj)
 .rodata.boot_img_magic
                0x000000000000796c       0x10 modules/mcuboot/boot/bootutil/zephyr/libmcuboot_util.a(bootutil_public.c.obj)
                0x000000000000796c                boot_img_magic
 .rodata.main.str1.1
                0x000000000000797c       0xde app/libapp.a(main.c.obj)
 .rodata.str1.1
                0x0000000000007a5a        0x8 app/libapp.a(main.c.obj)
 .rodata.flash_device_base.str1.1
                0x0000000000007a62       0x26 app/libapp.a(flash_map_extended.c.obj)
 .rodata.pss_zeros
                0x0000000000007a88        0x8 app/libapp.a(image_rsa.c.obj)
 .rodata.bootutil_max_image_size.str1.1
                0x0000000000007a90       0x3b app/libapp.a(bootutil_misc.c.obj)
 .rodata.boot_validate_slot.isra.0.str1.1
                0x0000000000007acb       0x3a app/libapp.a(loader.c.obj)
 .rodata.boot_swap_image.isra.0.str1.1
                0x0000000000007b05       0x2f app/libapp.a(loader.c.obj)
 .rodata.context_boot_go.str1.1
                0x0000000000007b34       0xf1 app/libapp.a(loader.c.obj)
 .rodata.swap_read_status_bytes.str1.1
                0x0000000000007c25       0x23 app/libapp.a(swap_move.c.obj)
 .rodata.boot_slots_compatible.str1.1
                0x0000000000007c48       0x93 app/libapp.a(swap_move.c.obj)
 .rodata.swap_status_source.str1.1
                0x0000000000007cdb       0xa4 app/libapp.a(swap_move.c.obj)
 .rodata.swap_run.str1.1
                0x0000000000007d7f       0x89 app/libapp.a(swap_move.c.obj)
 .rodata.rsa_pub_key
                0x0000000000007e08      0x10e app/libapp.a(autogen-pubkey.c.obj)
                0x0000000000007e08                rsa_pub_key
 .rodata.z_cbvprintf_impl.str1.1
                0x0000000000007f16       0x12 zephyr/libzephyr.a(cbprintf_nano.c.obj)
                                         0x13 (size before relaxing)
 .rodata.str1.1
                0x0000000000007f28        0xf zephyr/arch/arch/arm/core/mpu/libarch__arm__core__mpu.a(arm_mpu_regions.c.obj)
 .rodata.str1.1
                0x0000000000007f37       0x1b zephyr/drivers/clock_control/libdrivers__clock_control.a(clock_control_nrf.c.obj)
 .rodata.str1.1
                0x0000000000007f52       0x1a zephyr/drivers/flash/libdrivers__flash.a(soc_flash_nrf.c.obj)
 .rodata.str1.1
                0x0000000000007f6c        0xe zephyr/drivers/gpio/libdrivers__gpio.a(gpio_nrfx.c.obj)
 .rodata.drive_modes
                0x0000000000007f7a        0x8 zephyr/drivers/pinctrl/libdrivers__pinctrl.a(pinctrl_nrf.c.obj)
 .rodata.str1.1
                0x0000000000007f82       0x27 zephyr/drivers/pwm/libdrivers__pwm.a(pwm_nrfx.c.obj)
 .rodata.boot_swap_type_multi.str1.1
                0x0000000000007fa9       0xb8 modules/mcuboot/boot/bootutil/zephyr/libmcuboot_util.a(bootutil_public.c.obj)
 .rodata.boot_swap_tables
                0x0000000000008061       0x12 modules/mcuboot/boot/bootutil/zephyr/libmcuboot_util.a(bootutil_public.c.obj)
 .rodata.mbedtls_sha256_info
                0x0000000000008073        0x3 modules/mbedtls/libmbedTLSBase.a(md.c.obj)
 .rodata.mbedtls_sha224_info
                0x0000000000008076        0x3 modules/mbedtls/libmbedTLSBase.a(md.c.obj)
 .rodata.CSWTCH.20
                0x0000000000008079        0x5 modules/hal_nordic/nrfx/libmodules__hal_nordic__nrfx.a(system_nrf52.c.obj)
 .rodata.CSWTCH.18
                0x000000000000807e        0x5 modules/hal_nordic/nrfx/libmodules__hal_nordic__nrfx.a(system_nrf52.c.obj)
 .rodata.CSWTCH.14
                0x0000000000008083        0x5 modules/hal_nordic/nrfx/libmodules__hal_nordic__nrfx.a(system_nrf52.c.obj)
 .rodata.CSWTCH.4
                0x0000000000008088        0x5 modules/hal_nordic/nrfx/libmodules__hal_nordic__nrfx.a(system_nrf52.c.obj)
 .rodata._DoInit.str1.1
                0x000000000000808d        0x9 modules/segger/libmodules__segger.a(SEGGER_RTT.c.obj)
 .rodata._aInitStr.0
                0x0000000000008096       0x11 modules/segger/libmodules__segger.a(SEGGER_RTT.c.obj)
 .rodata.boot_banner.str1.1
                0x00000000000080a7       0x2e zephyr/kernel/libkernel.a(banner.c.obj)
 *(SORT_BY_ALIGNMENT(.gnu.linkonce.r.*))
                0x00000000000080d8                . = ALIGN (0x4)
 *fill*         0x00000000000080d5        0x3 
                0x00000000000080d8                __rodata_region_end = .
                0x00000000000080e0                . = ALIGN (_region_min_align)
                0x0000000000010000                . = ALIGN ((0x1 << LOG2CEIL ((__rodata_region_end - ADDR (rom_start)))))
                0x0000000000010000                __rom_region_end = ((__rom_region_start + .) - ADDR (rom_start))

/DISCARD/
 *(SORT_BY_ALIGNMENT(.got.plt))
 *(SORT_BY_ALIGNMENT(.igot.plt))
 *(SORT_BY_ALIGNMENT(.got))
 *(SORT_BY_ALIGNMENT(.igot))
                0x0000000020000000                . = 0x20000000
                0x0000000020000000                . = ALIGN (_region_min_align)
                0x0000000020000000                _image_ram_start = .

.ramfunc        0x0000000020000000        0x0 load address 0x00000000000080d8
                0x0000000020000000                . = ALIGN (_region_min_align)
                0x0000000020000000                . = ALIGN ((0x1 << LOG2CEIL (__ramfunc_size)))
                0x0000000020000000                __ramfunc_start = .
 *(SORT_BY_ALIGNMENT(.ramfunc))
 *(SORT_BY_ALIGNMENT(.ramfunc.*))
                0x0000000020000000                . = ALIGN (_region_min_align)
                0x0000000020000000                . = ALIGN ((0x1 << LOG2CEIL (__ramfunc_size)))
                0x0000000020000000                __ramfunc_end = .
                0x0000000000000000                __ramfunc_size = (__ramfunc_end - __ramfunc_start)
                0x00000000000080d8                __ramfunc_load_start = LOADADDR (.ramfunc)

datas           0x0000000020000000       0x8c load address 0x00000000000080d8
                0x0000000020000000                __data_region_start = .
                0x0000000020000000                __data_start = .
 *(SORT_BY_ALIGNMENT(.data))
 *(SORT_BY_ALIGNMENT(.data.*))
 .data.FIH_NO_BOOTABLE_IMAGE
                0x0000000020000000        0x4 app/libapp.a(fault_injection_hardening.c.obj)
                0x0000000020000000                FIH_NO_BOOTABLE_IMAGE
 .data.FIH_FAILURE
                0x0000000020000004        0x4 app/libapp.a(fault_injection_hardening.c.obj)
                0x0000000020000004                FIH_FAILURE
 .data._char_out
                0x0000000020000008        0x4 zephyr/libzephyr.a(printk.c.obj)
                0x0000000020000008                _char_out
 .data.flash_map
                0x000000002000000c        0x4 zephyr/libzephyr.a(flash_map_partition_manager.c.obj)
                0x000000002000000c                flash_map
 .data.memset_func
                0x0000000020000010        0x4 modules/mbedtls/libmbedTLSBase.a(platform_util.c.obj)
                0x0000000020000010                memset_func
 .data.mbedtls_exit
                0x0000000020000014        0x4 modules/mbedtls/libmbedTLSBase.a(platform.c.obj)
                0x0000000020000014                mbedtls_exit
 .data.mbedtls_free_func
                0x0000000020000018        0x4 modules/mbedtls/libmbedTLSBase.a(platform.c.obj)
                0x0000000020000018                mbedtls_free_func
 .data.mbedtls_calloc_func
                0x000000002000001c        0x4 modules/mbedtls/libmbedTLSBase.a(platform.c.obj)
                0x000000002000001c                mbedtls_calloc_func
 .data.m_cb     0x0000000020000020       0x64 modules/hal_nordic/nrfx/libmodules__hal_nordic__nrfx.a(nrfx_gpiote.c.obj)
 .data.timeout_list
                0x0000000020000084        0x8 zephyr/kernel/libkernel.a(timeout.c.obj)
 *(SORT_BY_ALIGNMENT(.kernel.*))
                0x000000002000008c                __data_end = .
                0x000000000000008c                __data_size = (__data_end - __data_start)
                0x00000000000080d8                __data_load_start = LOADADDR (datas)
                0x00000000000080d8                __data_region_load_start = LOADADDR (datas)

device_states   0x000000002000008c        0xc load address 0x0000000000008164
                0x000000002000008c                __device_states_start = .
 *(SORT_BY_ALIGNMENT(.z_devstate))
 .z_devstate    0x000000002000008c        0x2 zephyr/drivers/clock_control/libdrivers__clock_control.a(clock_control_nrf.c.obj)
 .z_devstate    0x000000002000008e        0x2 zephyr/drivers/flash/libdrivers__flash.a(soc_flash_nrf.c.obj)
 .z_devstate    0x0000000020000090        0x2 zephyr/drivers/gpio/libdrivers__gpio.a(gpio_nrfx.c.obj)
 .z_devstate    0x0000000020000092        0x6 zephyr/drivers/pwm/libdrivers__pwm.a(pwm_nrfx.c.obj)
 *(SORT_BY_ALIGNMENT(.z_devstate.*))
                0x0000000020000098                __device_states_end = .

log_mpsc_pbuf_area
                0x0000000020000098        0x0 load address 0x0000000000008170
                0x0000000020000098                _log_mpsc_pbuf_list_start = .
 *(SORT_BY_NAME(SORT_BY_ALIGNMENT(._log_mpsc_pbuf.static.*)))
                0x0000000020000098                _log_mpsc_pbuf_list_end = .

log_msg_ptr_area
                0x0000000020000098        0x0 load address 0x0000000000008170
                0x0000000020000098                _log_msg_ptr_list_start = .
 *(SORT_BY_NAME(SORT_BY_ALIGNMENT(._log_msg_ptr.static.*)))
                0x0000000020000098                _log_msg_ptr_list_end = .

log_dynamic_area
                0x0000000020000098        0x0 load address 0x0000000000008170
                0x0000000020000098                _log_dynamic_list_start = .
 *(SORT_BY_NAME(SORT_BY_ALIGNMENT(._log_dynamic.static.*)))
                0x0000000020000098                _log_dynamic_list_end = .

k_timer_area    0x0000000020000098        0x0 load address 0x0000000000008170
                0x0000000020000098                _k_timer_list_start = .
 *(SORT_BY_NAME(SORT_BY_ALIGNMENT(._k_timer.static.*)))
                0x0000000020000098                _k_timer_list_end = .

k_mem_slab_area
                0x0000000020000098        0x0 load address 0x0000000000008170
                0x0000000020000098                _k_mem_slab_list_start = .
 *(SORT_BY_NAME(SORT_BY_ALIGNMENT(._k_mem_slab.static.*)))
                0x0000000020000098                _k_mem_slab_list_end = .

k_heap_area     0x0000000020000098        0x0 load address 0x0000000000008170
                0x0000000020000098                _k_heap_list_start = .
 *(SORT_BY_NAME(SORT_BY_ALIGNMENT(._k_heap.static.*)))
                0x0000000020000098                _k_heap_list_end = .

k_mutex_area    0x0000000020000098        0x0 load address 0x0000000000008170
                0x0000000020000098                _k_mutex_list_start = .
 *(SORT_BY_NAME(SORT_BY_ALIGNMENT(._k_mutex.static.*)))
                0x0000000020000098                _k_mutex_list_end = .

k_stack_area    0x0000000020000098        0x0 load address 0x0000000000008170
                0x0000000020000098                _k_stack_list_start = .
 *(SORT_BY_NAME(SORT_BY_ALIGNMENT(._k_stack.static.*)))
                0x0000000020000098                _k_stack_list_end = .

k_msgq_area     0x0000000020000098        0x0 load address 0x0000000000008170
                0x0000000020000098                _k_msgq_list_start = .
 *(SORT_BY_NAME(SORT_BY_ALIGNMENT(._k_msgq.static.*)))
                0x0000000020000098                _k_msgq_list_end = .

k_mbox_area     0x0000000020000098        0x0 load address 0x0000000000008170
                0x0000000020000098                _k_mbox_list_start = .
 *(SORT_BY_NAME(SORT_BY_ALIGNMENT(._k_mbox.static.*)))
                0x0000000020000098                _k_mbox_list_end = .

k_pipe_area     0x0000000020000098        0x0 load address 0x0000000000008170